Archive member included to satisfy reference by file (symbol)

C:/Program Files/SEGGER/SEGGER Embedded Studio for ARM 3.40/lib/libc_v7em_fpv4_sp_d16_hard_t_le_eabi.a(libc2.o)
                              Output/ppi_pca10056 Release/Obj/nrf_log_str_formatter.o (isprint)
C:/Program Files/SEGGER/SEGGER Embedded Studio for ARM 3.40/lib/libc_v7em_fpv4_sp_d16_hard_t_le_eabi.a(libc2_asm.o)
                              Output/ppi_pca10056 Release/Obj/nrf_log_frontend.o (memcpy)
C:/Program Files/SEGGER/SEGGER Embedded Studio for ARM 3.40/lib/libc_v7em_fpv4_sp_d16_hard_t_le_eabi.a(libc.o)
                              C:/Program Files/SEGGER/SEGGER Embedded Studio for ARM 3.40/lib/libc_v7em_fpv4_sp_d16_hard_t_le_eabi.a(libc2.o) (__heap_lock)
C:/Program Files/SEGGER/SEGGER Embedded Studio for ARM 3.40/lib/libc_v7em_fpv4_sp_d16_hard_t_le_eabi.a(libc_asm.o)
                              C:/Program Files/SEGGER/SEGGER Embedded Studio for ARM 3.40/lib/libc_v7em_fpv4_sp_d16_hard_t_le_eabi.a(libc2.o) (__aeabi_uldivmod)
C:/Program Files/SEGGER/SEGGER Embedded Studio for ARM 3.40/lib/libdebugio_v7em_fpv4_sp_d16_hard_t_le_eabi.a(libdebugio.o)
                              Output/ppi_pca10056 Release/Obj/thumb_crt0.o (debug_fopen)
C:/Program Files/SEGGER/SEGGER Embedded Studio for ARM 3.40/lib/libdebugio_mempoll_v7em_fpv4_sp_d16_hard_t_le_eabi.a(mempoll_debug_operations.o)
                              C:/Program Files/SEGGER/SEGGER Embedded Studio for ARM 3.40/lib/libdebugio_v7em_fpv4_sp_d16_hard_t_le_eabi.a(libdebugio.o) (__do_debug_operation)
C:/Program Files/SEGGER/SEGGER Embedded Studio for ARM 3.40/lib/libdebugio_mempoll_v7em_fpv4_sp_d16_hard_t_le_eabi.a(do_nv_debug_operation.o)
                              C:/Program Files/SEGGER/SEGGER Embedded Studio for ARM 3.40/lib/libdebugio_v7em_fpv4_sp_d16_hard_t_le_eabi.a(libdebugio.o) (__do_nvdebug_operation)
C:/Program Files/SEGGER/SEGGER Embedded Studio for ARM 3.40/lib/libm_v7em_fpv4_sp_d16_hard_t_le_eabi.a(libm_asm.o)
                              C:/Program Files/SEGGER/SEGGER Embedded Studio for ARM 3.40/lib/libc_v7em_fpv4_sp_d16_hard_t_le_eabi.a(libc2.o) (__aeabi_i2d)
C:/Program Files/SEGGER/SEGGER Embedded Studio for ARM 3.40/lib/libm_v7em_fpv4_sp_d16_hard_t_le_eabi.a(libm2.o)
                              C:/Program Files/SEGGER/SEGGER Embedded Studio for ARM 3.40/lib/libvfprintf_v7em_fpv4_sp_d16_hard_t_le_eabi.o (frexp)
C:/Program Files/SEGGER/SEGGER Embedded Studio for ARM 3.40/lib/libm_v7em_fpv4_sp_d16_hard_t_le_eabi.a(libm2_asm.o)
                              C:/Program Files/SEGGER/SEGGER Embedded Studio for ARM 3.40/lib/libm_v7em_fpv4_sp_d16_hard_t_le_eabi.a(libm2.o) (fabs)

Discarded input sections

 .text          0x0000000000000000        0x0 Output/ppi_pca10056 Release/Obj/thumb_crt0.o
 .data          0x0000000000000000        0x0 Output/ppi_pca10056 Release/Obj/thumb_crt0.o
 .bss           0x0000000000000000        0x0 Output/ppi_pca10056 Release/Obj/thumb_crt0.o
 .text.__aeabi_read_tp
                0x0000000000000000        0x8 Output/ppi_pca10056 Release/Obj/thumb_crt0.o
 .text.abort    0x0000000000000000        0x2 Output/ppi_pca10056 Release/Obj/thumb_crt0.o
 .text.__assert
                0x0000000000000000        0x2 Output/ppi_pca10056 Release/Obj/thumb_crt0.o
 .text.__aeabi_assert
                0x0000000000000000        0x2 Output/ppi_pca10056 Release/Obj/thumb_crt0.o
 .text.__sync_synchronize
                0x0000000000000000        0x2 Output/ppi_pca10056 Release/Obj/thumb_crt0.o
 .text.__getchar
                0x0000000000000000        0x4 Output/ppi_pca10056 Release/Obj/thumb_crt0.o
 .text.__putchar
                0x0000000000000000        0x4 Output/ppi_pca10056 Release/Obj/thumb_crt0.o
 .text.__open   0x0000000000000000        0x4 Output/ppi_pca10056 Release/Obj/thumb_crt0.o
 .text.__close  0x0000000000000000        0x4 Output/ppi_pca10056 Release/Obj/thumb_crt0.o
 .text.__write  0x0000000000000000        0xa Output/ppi_pca10056 Release/Obj/thumb_crt0.o
 .text.__read   0x0000000000000000        0xa Output/ppi_pca10056 Release/Obj/thumb_crt0.o
 .text.__seek   0x0000000000000000       0x1a Output/ppi_pca10056 Release/Obj/thumb_crt0.o
 .bss.__user_locale_name_buffer
                0x0000000000000000        0x4 Output/ppi_pca10056 Release/Obj/thumb_crt0.o
 .stack         0x0000000000000000        0x0 Output/ppi_pca10056 Release/Obj/thumb_crt0.o
 .stack_process
                0x0000000000000000        0x0 Output/ppi_pca10056 Release/Obj/thumb_crt0.o
 .heap          0x0000000000000000        0x0 Output/ppi_pca10056 Release/Obj/thumb_crt0.o
 .group         0x0000000000000000        0xc Output/ppi_pca10056 Release/Obj/nrf_log_backend_rtt.o
 .group         0x0000000000000000        0xc Output/ppi_pca10056 Release/Obj/nrf_log_backend_rtt.o
 .group         0x0000000000000000        0xc Output/ppi_pca10056 Release/Obj/nrf_log_backend_rtt.o
 .group         0x0000000000000000        0xc Output/ppi_pca10056 Release/Obj/nrf_log_backend_rtt.o
[...]
Memory Configuration

Name             Origin             Length             Attributes
UNPLACED_SECTIONS 0x0000000100000000 0x0000000000000000 xw
RAM              0x0000000020000000 0x0000000000040000 xw
FLASH            0x0000000000000000 0x0000000000100000 xw
*default*        0x0000000000000000 0xffffffffffffffff

Linker script and memory map

                0x0000000000000000                __vfprintf = __vfprintf_long
                0x0000000000000000                __vfscanf = __vfscanf_int
                0x0000000020000000                __RAM_segment_start__ = 0x20000000
                0x0000000020040000                __RAM_segment_end__ = 0x20040000
                0x0000000000040000                __RAM_segment_size__ = 0x40000
                0x0000000000000000                __FLASH_segment_start__ = 0x0
                0x0000000000100000                __FLASH_segment_end__ = 0x100000
                0x0000000000100000                __FLASH_segment_size__ = 0x100000
                0x0000000000002000                __HEAPSIZE__ = 0x2000
                0x0000000000000000                __STACKSIZE_PROCESS__ = 0x0
                0x0000000000002000                __STACKSIZE__ = 0x2000
                0x0000000020000000                __vectors_ram_load_start__ = 0x20000000

.vectors_ram    0x0000000020000000        0x0
                0x0000000020000000                __vectors_ram_start__ = .
                0x0000000020000000                __app_ram_start__ = __vectors_ram_start__
 *(.vectors_ram .vectors_ram.*)
                0x0000000020000000                __vectors_ram_end__ = (__vectors_ram_start__ + SIZEOF (.vectors_ram))
                0x0000000000000000                __vectors_ram_size__ = SIZEOF (.vectors_ram)
                0x0000000020000000                __vectors_ram_load_end__ = __vectors_ram_end__
                0x0000000000000001                . = ASSERT (((__vectors_ram_start__ == __vectors_ram_end__) || ((__vectors_ram_end__ >= __RAM_segment_start__) && (__vectors_ram_end__ <= __RAM_segment_end__))), error: .vectors_ram is too large to fit in RAM memory segment)
                0x0000000020000000                __nrf_sections_run_load_start__ = ALIGN (__vectors_ram_end__, 0x4)

.nrf_sections_run
                0x0000000020000000        0x0
                0x0000000020000000                __nrf_sections_run_start__ = .
                0x0000000020000000                __start_nrf_sections_run = __nrf_sections_run_start__
 *(.nrf_sections_run .nrf_sections_run.*)
                0x0000000020000000                __nrf_sections_run_end__ = (__nrf_sections_run_start__ + SIZEOF (.nrf_sections_run))
                0x0000000000000000                __nrf_sections_run_size__ = SIZEOF (.nrf_sections_run)
                0x0000000020000000                __nrf_sections_run_load_end__ = __nrf_sections_run_end__
                0x0000000000000001                . = ASSERT (((__nrf_sections_run_start__ == __nrf_sections_run_end__) || ((__nrf_sections_run_end__ >= __RAM_segment_start__) && (__nrf_sections_run_end__ <= __RAM_segment_end__))), error: .nrf_sections_run is too large to fit in RAM memory segment)
                0x0000000000000000                __vectors_load_start__ = 0x0

.vectors        0x0000000000000000      0x100
                0x0000000000000000                __vectors_start__ = .
 *(.vectors .vectors.*)
 .vectors       0x0000000000000000      0x100 Output/ppi_pca10056 Release/Obj/ses_nrf52840_Vectors.o
                0x0000000000000000                _vectors
                0x0000000000000100                __vectors_end__ = (__vectors_start__ + SIZEOF (.vectors))
                0x0000000000000100                __vectors_size__ = SIZEOF (.vectors)
                0x0000000000000100                __vectors_load_end__ = __vectors_end__
                0x0000000000000001                . = ASSERT (((__vectors_start__ == __vectors_end__) || ((__vectors_end__ >= __FLASH_segment_start__) && (__vectors_end__ <= __FLASH_segment_end__))), error: .vectors is too large to fit in FLASH memory segment)
                0x0000000000000100                __init_load_start__ = ALIGN (__vectors_end__, 0x4)

.init           0x0000000000000100      0x224
                0x0000000000000100                __init_start__ = .
 *(.init .init.*)
 .init          0x0000000000000100      0x160 Output/ppi_pca10056 Release/Obj/thumb_crt0.o
                0x0000000000000100                _start
                0x00000000000001b6                exit
 .init          0x0000000000000260       0x58 Output/ppi_pca10056 Release/Obj/ses_nRF_Startup.o
                0x0000000000000260                Reset_Handler
                0x0000000000000284                InitializeUserMemorySections
 .init          0x00000000000002b8       0x6c Output/ppi_pca10056 Release/Obj/ses_nrf52840_Vectors.o
                0x00000000000002b8                NMI_Handler
                0x00000000000002ba                HardFault_Handler
                0x00000000000002bc                MemoryManagement_Handler
                0x00000000000002be                BusFault_Handler
                0x00000000000002c0                UsageFault_Handler
                0x00000000000002c2                SVC_Handler
                0x00000000000002c4                DebugMon_Handler
                0x00000000000002c6                PendSV_Handler
                0x00000000000002c8                SysTick_Handler
                0x00000000000002cc                POWER_CLOCK_IRQHandler
                0x00000000000002ce                RADIO_IRQHandler
                0x00000000000002d2                SPIM0_SPIS0_TWIM0_TWIS0_SPI0_TWI0_IRQHandler
                0x00000000000002d4                SPIM1_SPIS1_TWIM1_TWIS1_SPI1_TWI1_IRQHandler
                0x00000000000002d6                NFCT_IRQHandler
                0x00000000000002da                SAADC_IRQHandler
                0x00000000000002e2                RTC0_IRQHandler
                0x00000000000002e4                TEMP_IRQHandler
                0x00000000000002e6                RNG_IRQHandler
                0x00000000000002e8                ECB_IRQHandler
                0x00000000000002ea                CCM_AAR_IRQHandler
                0x00000000000002ec                WDT_IRQHandler
                0x00000000000002ee                RTC1_IRQHandler
                0x00000000000002f0                QDEC_IRQHandler
                0x00000000000002f2                COMP_LPCOMP_IRQHandler
                0x00000000000002f4                SWI0_EGU0_IRQHandler
                0x00000000000002f6                SWI1_EGU1_IRQHandler
                0x00000000000002f8                SWI2_EGU2_IRQHandler
                0x00000000000002fa                SWI3_EGU3_IRQHandler
                0x00000000000002fc                SWI4_EGU4_IRQHandler
                0x00000000000002fe                SWI5_EGU5_IRQHandler
                0x0000000000000300                TIMER3_IRQHandler
                0x0000000000000302                TIMER4_IRQHandler
                0x0000000000000304                PWM0_IRQHandler
                0x0000000000000306                PDM_IRQHandler
                0x0000000000000308                MWU_IRQHandler
                0x000000000000030a                PWM1_IRQHandler
                0x000000000000030c                PWM2_IRQHandler
                0x000000000000030e                SPIM2_SPIS2_SPI2_IRQHandler
                0x0000000000000310                RTC2_IRQHandler
                0x0000000000000312                I2S_IRQHandler
                0x0000000000000314                FPU_IRQHandler
                0x0000000000000316                USBD_IRQHandler
                0x0000000000000318                UARTE1_IRQHandler
                0x000000000000031a                QSPI_IRQHandler
                0x000000000000031c                CRYPTOCELL_IRQHandler
                0x000000000000031e                SPIM3_IRQHandler
                0x0000000000000320                PWM3_IRQHandler
                0x0000000000000324                __init_end__ = (__init_start__ + SIZEOF (.init))
                0x0000000000000224                __init_size__ = SIZEOF (.init)
                0x0000000000000324                __init_load_end__ = __init_end__
                0x0000000000000001                . = ASSERT (((__init_start__ == __init_end__) || ((__init_end__ >= __FLASH_segment_start__) && (__init_end__ <= __FLASH_segment_end__))), error: .init is too large to fit in FLASH memory segment)
                0x0000000000000324                __init_rodata_load_start__ = ALIGN (__init_end__, 0x4)

.init_rodata    0x0000000000000324        0x0
                0x0000000000000324                __init_rodata_start__ = .
 *(.init_rodata .init_rodata.*)
                0x0000000000000324                __init_rodata_end__ = (__init_rodata_start__ + SIZEOF (.init_rodata))
                0x0000000000000000                __init_rodata_size__ = SIZEOF (.init_rodata)
                0x0000000000000324                __init_rodata_load_end__ = __init_rodata_end__
                0x0000000000000001                . = ASSERT (((__init_rodata_start__ == __init_rodata_end__) || ((__init_rodata_end__ >= __FLASH_segment_start__) && (__init_rodata_end__ <= __FLASH_segment_end__))), error: .init_rodata is too large to fit in FLASH memory segment)
                0x0000000000000324                __text_load_start__ = ALIGN (__init_rodata_end__, 0x4)

.text           0x0000000000000324     0x26fa
                0x0000000000000324                __text_start__ = .
 *(.text .text.* .glue_7t .glue_7 .gnu.linkonce.t.* .gcc_except_table .ARM.extab* .gnu.linkonce.armextab.*)
 .glue_7        0x0000000000000324        0x0 linker stubs
 .glue_7t       0x0000000000000324        0x0 linker stubs
 .text.nrf_log_backend_rtt_flush
                0x0000000000000324        0x2 Output/ppi_pca10056 Release/Obj/nrf_log_backend_rtt.o
 *fill*         0x0000000000000326        0x2 
 .text.nrf_log_backend_rtt_put
                0x0000000000000328       0x1c Output/ppi_pca10056 Release/Obj/nrf_log_backend_rtt.o
 .text.serial_tx
                0x0000000000000344       0x50 Output/ppi_pca10056 Release/Obj/nrf_log_backend_rtt.o
 .text.nrf_log_backend_rtt_panic_set
                0x0000000000000394        0x2 Output/ppi_pca10056 Release/Obj/nrf_log_backend_rtt.o
 .text.nrf_log_backend_rtt_init
                0x0000000000000396        0x4 Output/ppi_pca10056 Release/Obj/nrf_log_backend_rtt.o
                0x0000000000000396                nrf_log_backend_rtt_init
 .text.nrf_log_backend_serial_put
                0x000000000000039a       0xcc Output/ppi_pca10056 Release/Obj/nrf_log_backend_serial.o
                0x000000000000039a                nrf_log_backend_serial_put
 .text.nrf_log_backend_uart_flush
                0x0000000000000466        0x2 Output/ppi_pca10056 Release/Obj/nrf_log_backend_uart.o
 .text.nrf_log_backend_uart_put
                0x0000000000000468       0x1c Output/ppi_pca10056 Release/Obj/nrf_log_backend_uart.o
 .text.uart_init.constprop.0
                0x0000000000000484       0x40 Output/ppi_pca10056 Release/Obj/nrf_log_backend_uart.o
 .text.serial_tx
                0x00000000000004c4       0x48 Output/ppi_pca10056 Release/Obj/nrf_log_backend_uart.o
 .text.nrf_log_backend_uart_panic_set
                0x000000000000050c       0x2c Output/ppi_pca10056 Release/Obj/nrf_log_backend_uart.o
 .text.nrf_log_backend_uart_init
                0x0000000000000538        0x4 Output/ppi_pca10056 Release/Obj/nrf_log_backend_uart.o
                0x0000000000000538                nrf_log_backend_uart_init
 .text.nrf_log_default_backends_init
                0x000000000000053c       0x30 Output/ppi_pca10056 Release/Obj/nrf_log_default_backends.o
                0x000000000000053c                nrf_log_default_backends_init
 .text.invalid_packets_pushed_str_omit
                0x000000000000056c       0x50 Output/ppi_pca10056 Release/Obj/nrf_log_frontend.o
 .text.buf_prealloc
                0x00000000000005bc      0x12c Output/ppi_pca10056 Release/Obj/nrf_log_frontend.o
 .text.nrf_log_init
                0x00000000000006e8       0x54 Output/ppi_pca10056 Release/Obj/nrf_log_frontend.o
                0x00000000000006e8                nrf_log_init
 .text.nrf_log_module_name_get
                0x000000000000073c       0x3c Output/ppi_pca10056 Release/Obj/nrf_log_frontend.o
                0x000000000000073c                nrf_log_module_name_get
 .text.nrf_log_color_id_get
                0x0000000000000778       0x2c Output/ppi_pca10056 Release/Obj/nrf_log_frontend.o
                0x0000000000000778                nrf_log_color_id_get
 .text.buffer_is_empty
                0x00000000000007a4       0x14 Output/ppi_pca10056 Release/Obj/nrf_log_frontend.o
                0x00000000000007a4                buffer_is_empty
 .text.nrf_log_frontend_dequeue
                0x00000000000007b8      0x210 Output/ppi_pca10056 Release/Obj/nrf_log_frontend.o
                0x00000000000007b8                nrf_log_frontend_dequeue
 .text.std_n    0x00000000000009c8       0xb0 Output/ppi_pca10056 Release/Obj/nrf_log_frontend.o
 .text.nrf_log_frontend_std_0
                0x0000000000000a78        0x8 Output/ppi_pca10056 Release/Obj/nrf_log_frontend.o
                0x0000000000000a78                nrf_log_frontend_std_0
 .text.nrf_log_frontend_std_1
                0x0000000000000a80       0x14 Output/ppi_pca10056 Release/Obj/nrf_log_frontend.o
                0x0000000000000a80                nrf_log_frontend_std_1
 .text.nrf_log_backend_add
                0x0000000000000a94       0x44 Output/ppi_pca10056 Release/Obj/nrf_log_frontend.o
                0x0000000000000a94                nrf_log_backend_add
 .text.nrf_log_panic
                0x0000000000000ad8       0x28 Output/ppi_pca10056 Release/Obj/nrf_log_frontend.o
                0x0000000000000ad8                nrf_log_panic
 .text.postfix_process
                0x0000000000000b00       0x3c Output/ppi_pca10056 Release/Obj/nrf_log_str_formatter.o
 .text.prefix_process
                0x0000000000000b3c       0x78 Output/ppi_pca10056 Release/Obj/nrf_log_str_formatter.o
 .text.nrf_log_std_entry_process
                0x0000000000000bb4       0xc8 Output/ppi_pca10056 Release/Obj/nrf_log_str_formatter.o
                0x0000000000000bb4                nrf_log_std_entry_process
 .text.nrf_log_hexdump_entry_process
                0x0000000000000c7c       0xac Output/ppi_pca10056 Release/Obj/nrf_log_str_formatter.o
                0x0000000000000c7c                nrf_log_hexdump_entry_process
 .text.app_error_handler_bare
                0x0000000000000d28       0x1a Output/ppi_pca10056 Release/Obj/app_error.o
                0x0000000000000d28                app_error_handler_bare
 *fill*         0x0000000000000d42        0x2 
 .text.app_error_fault_handler
                0x0000000000000d44       0x6c Output/ppi_pca10056 Release/Obj/app_error_weak.o
                0x0000000000000d44                app_error_fault_handler
 .text.app_util_disable_irq
                0x0000000000000db0       0x10 Output/ppi_pca10056 Release/Obj/app_util_platform.o
                0x0000000000000db0                app_util_disable_irq
 .text.app_util_enable_irq
                0x0000000000000dc0       0x14 Output/ppi_pca10056 Release/Obj/app_util_platform.o
                0x0000000000000dc0                app_util_enable_irq
 .text.app_util_critical_region_enter
                0x0000000000000dd4        0x4 Output/ppi_pca10056 Release/Obj/app_util_platform.o
                0x0000000000000dd4                app_util_critical_region_enter
 .text.app_util_critical_region_exit
                0x0000000000000dd8        0x4 Output/ppi_pca10056 Release/Obj/app_util_platform.o
                0x0000000000000dd8                app_util_critical_region_exit
 .text.nrf_atomic_u32_fetch_store
                0x0000000000000ddc       0x14 Output/ppi_pca10056 Release/Obj/nrf_atomic.o
                0x0000000000000ddc                nrf_atomic_u32_fetch_store
 .text.nrf_atomic_u32_or
                0x0000000000000df0       0x16 Output/ppi_pca10056 Release/Obj/nrf_atomic.o
                0x0000000000000df0                nrf_atomic_u32_or
 .text.nrf_atomic_u32_fetch_and
                0x0000000000000e06       0x16 Output/ppi_pca10056 Release/Obj/nrf_atomic.o
                0x0000000000000e06                nrf_atomic_u32_fetch_and
 .text.nrf_atomic_u32_add
                0x0000000000000e1c       0x16 Output/ppi_pca10056 Release/Obj/nrf_atomic.o
                0x0000000000000e1c                nrf_atomic_u32_add
 .text.nrf_atomic_u32_sub
                0x0000000000000e32       0x16 Output/ppi_pca10056 Release/Obj/nrf_atomic.o
                0x0000000000000e32                nrf_atomic_u32_sub
 .text.nrf_atomic_flag_set
                0x0000000000000e48        0x6 Output/ppi_pca10056 Release/Obj/nrf_atomic.o
                0x0000000000000e48                nrf_atomic_flag_set
 .text.nrf_atomic_flag_clear_fetch
                0x0000000000000e4e        0x6 Output/ppi_pca10056 Release/Obj/nrf_atomic.o
                0x0000000000000e4e                nrf_atomic_flag_clear_fetch
 .text.nrf_balloc_init
                0x0000000000000e54       0x2e Output/ppi_pca10056 Release/Obj/nrf_balloc.o
                0x0000000000000e54                nrf_balloc_init
 .text.nrf_balloc_alloc
                0x0000000000000e82       0x40 Output/ppi_pca10056 Release/Obj/nrf_balloc.o
                0x0000000000000e82                nrf_balloc_alloc
 .text.nrf_balloc_free
                0x0000000000000ec2       0x2a Output/ppi_pca10056 Release/Obj/nrf_balloc.o
                0x0000000000000ec2                nrf_balloc_free
 .text.nrf_fprintf_buffer_flush
                0x0000000000000eec       0x16 Output/ppi_pca10056 Release/Obj/nrf_fprintf.o
                0x0000000000000eec                nrf_fprintf_buffer_flush
 .text.nrf_fprintf
                0x0000000000000f02       0x1e Output/ppi_pca10056 Release/Obj/nrf_fprintf.o
                0x0000000000000f02                nrf_fprintf
 .text.buffer_add
                0x0000000000000f20       0x1e Output/ppi_pca10056 Release/Obj/nrf_fprintf_format.o
 *fill*         0x0000000000000f3e        0x2 
 .text.unsigned_print
                0x0000000000000f40       0xac Output/ppi_pca10056 Release/Obj/nrf_fprintf_format.o
 .text.nrf_fprintf_fmt
                0x0000000000000fec      0x28a Output/ppi_pca10056 Release/Obj/nrf_fprintf_format.o
                0x0000000000000fec                nrf_fprintf_fmt
 .text.nrf_memobj_pool_init
                0x0000000000001276        0x4 Output/ppi_pca10056 Release/Obj/nrf_memobj.o
                0x0000000000001276                nrf_memobj_pool_init
 .text.nrf_memobj_free
                0x000000000000127a       0x2c Output/ppi_pca10056 Release/Obj/nrf_memobj.o
                0x000000000000127a                nrf_memobj_free
 .text.nrf_memobj_alloc
                0x00000000000012a6       0x5e Output/ppi_pca10056 Release/Obj/nrf_memobj.o
                0x00000000000012a6                nrf_memobj_alloc
 .text.nrf_memobj_get
                0x0000000000001304        0x8 Output/ppi_pca10056 Release/Obj/nrf_memobj.o
                0x0000000000001304                nrf_memobj_get
 .text.nrf_memobj_put
                0x000000000000130c       0x1e Output/ppi_pca10056 Release/Obj/nrf_memobj.o
                0x000000000000130c                nrf_memobj_put
 .text.nrf_memobj_write
                0x000000000000132a       0x52 Output/ppi_pca10056 Release/Obj/nrf_memobj.o
                0x000000000000132a                nrf_memobj_write
 .text.nrf_memobj_read
                0x000000000000137c       0x52 Output/ppi_pca10056 Release/Obj/nrf_memobj.o
                0x000000000000137c                nrf_memobj_read
 *fill*         0x00000000000013ce        0x2 
 .text.uarte_evt_handler
                0x00000000000013d0       0x34 Output/ppi_pca10056 Release/Obj/nrf_drv_uart.o
 .text.uart_evt_handler
                0x0000000000001404       0x34 Output/ppi_pca10056 Release/Obj/nrf_drv_uart.o
 .text.nrf_drv_uart_init
                0x0000000000001438       0x7c Output/ppi_pca10056 Release/Obj/nrf_drv_uart.o
                0x0000000000001438                nrf_drv_uart_init
 .text.UARTE0_UART0_IRQHandler
                0x00000000000014b4        0xc Output/ppi_pca10056 Release/Obj/nrfx_prs.o
                0x00000000000014b4                UARTE0_UART0_IRQHandler
 .text.nrfx_prs_acquire
                0x00000000000014c0       0x34 Output/ppi_pca10056 Release/Obj/nrfx_prs.o
                0x00000000000014c0                nrfx_prs_acquire
 .text.nrfx_prs_release
                0x00000000000014f4       0x18 Output/ppi_pca10056 Release/Obj/nrfx_prs.o
                0x00000000000014f4                nrfx_prs_release
 .text.irq_handler.constprop.0
                0x000000000000150c       0x4c Output/ppi_pca10056 Release/Obj/nrfx_timer.o
 .text.TIMER1_IRQHandler
                0x0000000000001558       0x10 Output/ppi_pca10056 Release/Obj/nrfx_timer.o
                0x0000000000001558                TIMER1_IRQHandler
 .text.TIMER2_IRQHandler
                0x0000000000001568       0x10 Output/ppi_pca10056 Release/Obj/nrfx_timer.o
                0x0000000000001568                TIMER2_IRQHandler
 .text.nrf_uart_event_clear
                0x0000000000001578       0x10 Output/ppi_pca10056 Release/Obj/nrfx_uart.o
 .text.tx_byte  0x0000000000001588       0x1e Output/ppi_pca10056 Release/Obj/nrfx_uart.o
 .text.rx_byte  0x00000000000015a6       0x2c Output/ppi_pca10056 Release/Obj/nrfx_uart.o
 *fill*         0x00000000000015d2        0x2 
 .text.rx_done_event.constprop.7
                0x00000000000015d4       0x20 Output/ppi_pca10056 Release/Obj/nrfx_uart.o
 .text.nrfx_uart_0_irq_handler
                0x00000000000015f4      0x13c Output/ppi_pca10056 Release/Obj/nrfx_uart.o
                0x00000000000015f4                nrfx_uart_0_irq_handler
 .text.nrf_gpio_cfg_default
                0x0000000000001730       0x20 Output/ppi_pca10056 Release/Obj/nrfx_uart.o
 .text.nrfx_uart_init
                0x0000000000001750      0x1b4 Output/ppi_pca10056 Release/Obj/nrfx_uart.o
                0x0000000000001750                nrfx_uart_init
 .text.nrfx_uart_uninit
                0x0000000000001904       0xac Output/ppi_pca10056 Release/Obj/nrfx_uart.o
                0x0000000000001904                nrfx_uart_uninit
 .text.nrfx_uart_tx
                0x00000000000019b0       0x94 Output/ppi_pca10056 Release/Obj/nrfx_uart.o
                0x00000000000019b0                nrfx_uart_tx
 .text.nrf_uarte_event_clear
                0x0000000000001a44       0x10 Output/ppi_pca10056 Release/Obj/nrfx_uarte.o
 .text.rx_done_event.constprop.6
                0x0000000000001a54       0x24 Output/ppi_pca10056 Release/Obj/nrfx_uarte.o
 .text.nrfx_uarte_0_irq_handler
                0x0000000000001a78       0xec Output/ppi_pca10056 Release/Obj/nrfx_uarte.o
                0x0000000000001a78                nrfx_uarte_0_irq_handler
 .text.nrf_gpio_cfg_default
                0x0000000000001b64       0x20 Output/ppi_pca10056 Release/Obj/nrfx_uarte.o
 .text.nrfx_uarte_init
                0x0000000000001b84      0x1c4 Output/ppi_pca10056 Release/Obj/nrfx_uarte.o
                0x0000000000001b84                nrfx_uarte_init
 .text.nrfx_uarte_uninit
                0x0000000000001d48       0xac Output/ppi_pca10056 Release/Obj/nrfx_uarte.o
                0x0000000000001d48                nrfx_uarte_uninit
 .text.nrfx_uarte_tx
                0x0000000000001df4       0x88 Output/ppi_pca10056 Release/Obj/nrfx_uarte.o
                0x0000000000001df4                nrfx_uarte_tx
 .text.nrf_gpiote_event_clear
                0x0000000000001e7c       0x18 Output/ppi_pca10056 Release/Obj/nrfx_gpiote.o
 .text.nrf_gpio_pin_port_decode
                0x0000000000001e94       0x18 Output/ppi_pca10056 Release/Obj/nrfx_gpiote.o
 .text.nrf_gpio_cfg_sense_set
                0x0000000000001eac       0x32 Output/ppi_pca10056 Release/Obj/nrfx_gpiote.o
 *fill*         0x0000000000001ede        0x2 
 .text.channel_free
                0x0000000000001ee0       0x1c Output/ppi_pca10056 Release/Obj/nrfx_gpiote.o
 .text.nrfx_gpiote_init
                0x0000000000001efc       0x70 Output/ppi_pca10056 Release/Obj/nrfx_gpiote.o
                0x0000000000001efc                nrfx_gpiote_init
 .text.nrfx_gpiote_out_init
                0x0000000000001f6c       0xec Output/ppi_pca10056 Release/Obj/nrfx_gpiote.o
                0x0000000000001f6c                nrfx_gpiote_out_init
 .text.nrfx_gpiote_out_toggle
                0x0000000000002058       0x2c Output/ppi_pca10056 Release/Obj/nrfx_gpiote.o
                0x0000000000002058                nrfx_gpiote_out_toggle
 .text.nrfx_gpiote_in_init
                0x0000000000002084      0x10c Output/ppi_pca10056 Release/Obj/nrfx_gpiote.o
                0x0000000000002084                nrfx_gpiote_in_init
 .text.nrfx_gpiote_in_event_enable
                0x0000000000002190       0x94 Output/ppi_pca10056 Release/Obj/nrfx_gpiote.o
                0x0000000000002190                nrfx_gpiote_in_event_enable
 .text.GPIOTE_IRQHandler
                0x0000000000002224      0x19c Output/ppi_pca10056 Release/Obj/nrfx_gpiote.o
                0x0000000000002224                GPIOTE_IRQHandler
 .text.gpiote_event_handler
                0x00000000000023c0       0x30 Output/ppi_pca10056 Release/Obj/main.o
 .text.TIMER0_IRQHandler
                0x00000000000023f0       0x34 Output/ppi_pca10056 Release/Obj/main.o
                0x00000000000023f0                TIMER0_IRQHandler
 .text.startup.main
                0x0000000000002424       0x98 Output/ppi_pca10056 Release/Obj/main.o
                0x0000000000002424                main
 .text._GetAvailWriteSpace
                0x00000000000024bc       0x1c Output/ppi_pca10056 Release/Obj/SEGGER_RTT.o
 .text._WriteNoCheck
                0x00000000000024d8       0x3a Output/ppi_pca10056 Release/Obj/SEGGER_RTT.o
 .text._WriteBlocking
                0x0000000000002512       0x52 Output/ppi_pca10056 Release/Obj/SEGGER_RTT.o
 .text._DoInit  0x0000000000002564       0x60 Output/ppi_pca10056 Release/Obj/SEGGER_RTT.o
 .text.SEGGER_RTT_WriteNoLock
                0x00000000000025c4       0x68 Output/ppi_pca10056 Release/Obj/SEGGER_RTT.o
                0x00000000000025c4                SEGGER_RTT_WriteNoLock
 .text.SEGGER_RTT_Init
                0x000000000000262c        0x4 Output/ppi_pca10056 Release/Obj/SEGGER_RTT.o
                0x000000000000262c                SEGGER_RTT_Init
 .text.errata_98
                0x0000000000002630       0x20 Output/ppi_pca10056 Release/Obj/system_nrf52840.o
 .text.SystemInit
                0x0000000000002650      0x1b8 Output/ppi_pca10056 Release/Obj/system_nrf52840.o
                0x0000000000002650                SystemInit
 .text.libc.__RAL_ascii_isctype
                0x0000000000002808       0x1c C:/Program Files/SEGGER/SEGGER Embedded Studio for ARM 3.40/lib/libc_v7em_fpv4_sp_d16_hard_t_le_eabi.a(libc2.o)
 .text.libc.__RAL_ascii_toupper
                0x0000000000002824        0xc C:/Program Files/SEGGER/SEGGER Embedded Studio for ARM 3.40/lib/libc_v7em_fpv4_sp_d16_hard_t_le_eabi.a(libc2.o)
 .text.libc.__RAL_ascii_tolower
                0x0000000000002830        0xc C:/Program Files/SEGGER/SEGGER Embedded Studio for ARM 3.40/lib/libc_v7em_fpv4_sp_d16_hard_t_le_eabi.a(libc2.o)
 .text.libc.__RAL_ascii_iswctype
                0x000000000000283c       0x1c C:/Program Files/SEGGER/SEGGER Embedded Studio for ARM 3.40/lib/libc_v7em_fpv4_sp_d16_hard_t_le_eabi.a(libc2.o)
 .text.libc.__RAL_ascii_towupper
                0x0000000000002858        0xc C:/Program Files/SEGGER/SEGGER Embedded Studio for ARM 3.40/lib/libc_v7em_fpv4_sp_d16_hard_t_le_eabi.a(libc2.o)
 .text.libc.__RAL_ascii_towlower
                0x0000000000002864        0xc C:/Program Files/SEGGER/SEGGER Embedded Studio for ARM 3.40/lib/libc_v7em_fpv4_sp_d16_hard_t_le_eabi.a(libc2.o)
 .text.libc.__RAL_ascii_wctomb
                0x0000000000002870        0xe C:/Program Files/SEGGER/SEGGER Embedded Studio for ARM 3.40/lib/libc_v7em_fpv4_sp_d16_hard_t_le_eabi.a(libc2.o)
                0x0000000000002870                __RAL_ascii_wctomb
 .text.libc.__RAL_ascii_mbtowc
                0x000000000000287e       0x24 C:/Program Files/SEGGER/SEGGER Embedded Studio for ARM 3.40/lib/libc_v7em_fpv4_sp_d16_hard_t_le_eabi.a(libc2.o)
                0x000000000000287e                __RAL_ascii_mbtowc
 *fill*         0x00000000000028a2        0x2 
 .text.libc.__RAL_isctype
                0x00000000000028a4       0x14 C:/Program Files/SEGGER/SEGGER Embedded Studio for ARM 3.40/lib/libc_v7em_fpv4_sp_d16_hard_t_le_eabi.a(libc2.o)
                0x00000000000028a4                __RAL_isctype
 .text.libc.isprint
                0x00000000000028b8        0xa C:/Program Files/SEGGER/SEGGER Embedded Studio for ARM 3.40/lib/libc_v7em_fpv4_sp_d16_hard_t_le_eabi.a(libc2.o)
                0x00000000000028b8                isprint
 .text.libc.memcpy
                0x00000000000028c2       0x52 C:/Program Files/SEGGER/SEGGER Embedded Studio for ARM 3.40/lib/libc_v7em_fpv4_sp_d16_hard_t_le_eabi.a(libc2_asm.o)
                0x00000000000028c2                __aeabi_memcpy
                0x00000000000028c2                memcpy
                0x00000000000028ce                __aeabi_memcpy8
                0x00000000000028ce                __aeabi_memcpy4
 .text.libc.memset
                0x0000000000002914       0x66 C:/Program Files/SEGGER/SEGGER Embedded Studio for ARM 3.40/lib/libc_v7em_fpv4_sp_d16_hard_t_le_eabi.a(libc2_asm.o)
                0x0000000000002914                memset
 .text.libc.strcpy
                0x000000000000297a       0x44 C:/Program Files/SEGGER/SEGGER Embedded Studio for ARM 3.40/lib/libc_v7em_fpv4_sp_d16_hard_t_le_eabi.a(libc2_asm.o)
                0x000000000000297a                strcpy
 .text.libc.strlen
                0x00000000000029be       0x60 C:/Program Files/SEGGER/SEGGER Embedded Studio for ARM 3.40/lib/libc_v7em_fpv4_sp_d16_hard_t_le_eabi.a(libc2_asm.o)
                0x00000000000029be                strlen
                0x0000000000002a1e                __text_end__ = (__text_start__ + SIZEOF (.text))
                0x00000000000026fa                __text_size__ = SIZEOF (.text)
                0x0000000000002a1e                __text_load_end__ = __text_end__

.vfp11_veneer   0x0000000100000000        0x0
 .vfp11_veneer  0x0000000100000000        0x0 linker stubs

.v4_bx          0x0000000100000000        0x0
 .v4_bx         0x0000000100000000        0x0 linker stubs

.iplt           0x0000000100000000        0x0
 .iplt          0x0000000100000000        0x0 Output/ppi_pca10056 Release/Obj/thumb_crt0.o
                0x0000000000000001                . = ASSERT (((__text_start__ == __text_end__) || ((__text_end__ >= __FLASH_segment_start__) && (__text_end__ <= __FLASH_segment_end__))), error: .text is too large to fit in FLASH memory segment)
                0x0000000000002a20                __log_const_data_load_start__ = ALIGN (__text_end__, 0x4)

.log_const_data
                0x0000000000002a20       0x38
                0x0000000000002a20                __log_const_data_start__ = .
                0x0000000000002a20                __start_log_const_data = __log_const_data_start__
 *(SORT_BY_NAME(.log_const_data*))
 .log_const_data_GPIOTE
                0x0000000000002a20        0x8 Output/ppi_pca10056 Release/Obj/nrfx_gpiote.o
                0x0000000000002a20                m_nrf_log_GPIOTE_logs_data_const
 .log_const_data_PRS
                0x0000000000002a28        0x8 Output/ppi_pca10056 Release/Obj/nrfx_prs.o
                0x0000000000002a28                m_nrf_log_PRS_logs_data_const
 .log_const_data_TIMER
                0x0000000000002a30        0x8 Output/ppi_pca10056 Release/Obj/nrfx_timer.o
                0x0000000000002a30                m_nrf_log_TIMER_logs_data_const
 .log_const_data_UART
                0x0000000000002a38        0x8 Output/ppi_pca10056 Release/Obj/nrfx_uart.o
                0x0000000000002a38                m_nrf_log_UART_logs_data_const
 .log_const_data_UARTE
                0x0000000000002a40        0x8 Output/ppi_pca10056 Release/Obj/nrfx_uarte.o
                0x0000000000002a40                m_nrf_log_UARTE_logs_data_const
 .log_const_data_app
                0x0000000000002a48        0x8 Output/ppi_pca10056 Release/Obj/nrf_log_frontend.o
                0x0000000000002a48                m_nrf_log_app_logs_data_const
 .log_const_data_balloc_log_mempool
                0x0000000000002a50        0x8 Output/ppi_pca10056 Release/Obj/nrf_log_frontend.o
                0x0000000000002a50                m_nrf_log_balloc_log_mempool_logs_data_const
                0x0000000000002a58                __log_const_data_end__ = (__log_const_data_start__ + SIZEOF (.log_const_data))
                0x0000000000000038                __log_const_data_size__ = SIZEOF (.log_const_data)
                0x0000000000002a58                __stop_log_const_data = __log_const_data_end__
                0x0000000000002a58                __log_const_data_load_end__ = __log_const_data_end__
                0x0000000000000001                . = ASSERT (((__log_const_data_start__ == __log_const_data_end__) || ((__log_const_data_end__ >= __FLASH_segment_start__) && (__log_const_data_end__ <= __FLASH_segment_end__))), error: .log_const_data is too large to fit in FLASH memory segment)
                0x0000000000002a58                __nrf_balloc_load_start__ = ALIGN (__log_const_data_end__, 0x4)

.nrf_balloc     0x0000000000002a58       0x18
                0x0000000000002a58                __nrf_balloc_start__ = .
                0x0000000000002a58                __start_nrf_balloc = __nrf_balloc_start__
 *(.nrf_balloc*)
 .nrf_balloc    0x0000000000002a58       0x18 Output/ppi_pca10056 Release/Obj/nrf_log_frontend.o
                0x0000000000002a58                log_mempool
                0x0000000000002a70                __nrf_balloc_end__ = (__nrf_balloc_start__ + SIZEOF (.nrf_balloc))
                0x0000000000000018                __nrf_balloc_size__ = SIZEOF (.nrf_balloc)
                0x0000000000002a70                __stop_nrf_balloc = __nrf_balloc_end__
                0x0000000000002a70                __nrf_balloc_load_end__ = __nrf_balloc_end__
                0x0000000000000001                . = ASSERT (((__nrf_balloc_start__ == __nrf_balloc_end__) || ((__nrf_balloc_end__ >= __FLASH_segment_start__) && (__nrf_balloc_end__ <= __FLASH_segment_end__))), error: .nrf_balloc is too large to fit in FLASH memory segment)
                0x0000000000002a70                __nrf_sections_load_start__ = ALIGN (__nrf_balloc_end__, 0x4)

.nrf_sections   0x0000000000002a70        0x0
                0x0000000000002a70                __nrf_sections_start__ = .
                0x0000000000002a70                __start_nrf_sections = __nrf_sections_start__
 *(.nrf_sections .nrf_sections.*)
                0x0000000000002a70                __nrf_sections_end__ = (__nrf_sections_start__ + SIZEOF (.nrf_sections))
                0x0000000000000000                __nrf_sections_size__ = SIZEOF (.nrf_sections)
                0x0000000000002a70                __nrf_sections_load_end__ = __nrf_sections_end__
                0x0000000000000001                . = ASSERT (((__nrf_sections_start__ == __nrf_sections_end__) || ((__nrf_sections_end__ >= __FLASH_segment_start__) && (__nrf_sections_end__ <= __FLASH_segment_end__))), error: .nrf_sections is too large to fit in FLASH memory segment)
                0x0000000000002a70                __log_dynamic_data_load_start__ = ALIGN (__nrf_sections_end__, 0x4)

.log_dynamic_data
                0x0000000020000000       0x1c load address 0x0000000000002a70
                0x0000000020000000                __log_dynamic_data_start__ = .
 *(SORT_BY_NAME(.log_dynamic_data*))
 .log_dynamic_data_GPIOTE
                0x0000000020000000        0x4 Output/ppi_pca10056 Release/Obj/nrfx_gpiote.o
                0x0000000020000000                m_nrf_log_GPIOTE_logs_data_dynamic
 .log_dynamic_data_PRS
                0x0000000020000004        0x4 Output/ppi_pca10056 Release/Obj/nrfx_prs.o
                0x0000000020000004                m_nrf_log_PRS_logs_data_dynamic
 .log_dynamic_data_TIMER
                0x0000000020000008        0x4 Output/ppi_pca10056 Release/Obj/nrfx_timer.o
                0x0000000020000008                m_nrf_log_TIMER_logs_data_dynamic
 .log_dynamic_data_UART
                0x000000002000000c        0x4 Output/ppi_pca10056 Release/Obj/nrfx_uart.o
                0x000000002000000c                m_nrf_log_UART_logs_data_dynamic
 .log_dynamic_data_UARTE
                0x0000000020000010        0x4 Output/ppi_pca10056 Release/Obj/nrfx_uarte.o
                0x0000000020000010                m_nrf_log_UARTE_logs_data_dynamic
 .log_dynamic_data_app
                0x0000000020000014        0x4 Output/ppi_pca10056 Release/Obj/nrf_log_frontend.o
                0x0000000020000014                m_nrf_log_app_logs_data_dynamic
 .log_dynamic_data_balloc_log_mempool
                0x0000000020000018        0x4 Output/ppi_pca10056 Release/Obj/nrf_log_frontend.o
                0x0000000020000018                m_nrf_log_balloc_log_mempool_logs_data_dynamic
                0x000000002000001c                __log_dynamic_data_end__ = (__log_dynamic_data_start__ + SIZEOF (.log_dynamic_data))
                0x000000000000001c                __log_dynamic_data_size__ = SIZEOF (.log_dynamic_data)
                0x0000000000002a8c                __log_dynamic_data_load_end__ = (__log_dynamic_data_load_start__ + SIZEOF (.log_dynamic_data))
                0x0000000000000001                . = ASSERT (((__log_dynamic_data_load_start__ == __log_dynamic_data_load_end__) || ((__log_dynamic_data_load_end__ >= __FLASH_segment_start__) && (__log_dynamic_data_load_end__ <= __FLASH_segment_end__))), error: .log_dynamic_data is too large to fit in FLASH memory segment)

.log_dynamic_data_run
                0x0000000020000000       0x1c load address 0x0000000000002a70
                0x0000000020000000                __log_dynamic_data_run_start__ = .
                0x0000000020000000                __start_log_dynamic_data = __log_dynamic_data_run_start__
                0x000000002000001c                . = MAX ((__log_dynamic_data_run_start__ + SIZEOF (.log_dynamic_data)), .)
 *fill*         0x0000000020000000       0x1c 
                0x000000002000001c                __log_dynamic_data_run_end__ = (__log_dynamic_data_run_start__ + SIZEOF (.log_dynamic_data_run))
                0x000000000000001c                __log_dynamic_data_run_size__ = SIZEOF (.log_dynamic_data_run)
                0x000000002000001c                __stop_log_dynamic_data = __log_dynamic_data_run_end__
                0x000000002000001c                __log_dynamic_data_run_load_end__ = __log_dynamic_data_run_end__
                0x0000000000000001                . = ASSERT (((__log_dynamic_data_run_start__ == __log_dynamic_data_run_end__) || ((__log_dynamic_data_run_end__ >= __RAM_segment_start__) && (__log_dynamic_data_run_end__ <= __RAM_segment_end__))), error: .log_dynamic_data_run is too large to fit in RAM memory segment)
                0x000000002000001c                __nrf_sections_run_end_load_start__ = ALIGN (__log_dynamic_data_run_end__, 0x4)

.nrf_sections_run_end
                0x000000002000001c        0x0
                0x000000002000001c                __nrf_sections_run_end_start__ = .
                0x000000002000001c                __end_nrf_sections_run = __nrf_sections_run_end_start__
 *(.nrf_sections_run_end .nrf_sections_run_end.*)
                0x000000002000001c                __nrf_sections_run_end_end__ = (__nrf_sections_run_end_start__ + SIZEOF (.nrf_sections_run_end))
                0x0000000000000000                __nrf_sections_run_end_size__ = SIZEOF (.nrf_sections_run_end)
                0x000000002000001c                __nrf_sections_run_end_load_end__ = __nrf_sections_run_end_end__
                0x0000000000000001                . = ASSERT (((__nrf_sections_run_end_start__ == __nrf_sections_run_end_end__) || ((__nrf_sections_run_end_end__ >= __RAM_segment_start__) && (__nrf_sections_run_end_end__ <= __RAM_segment_end__))), error: .nrf_sections_run_end is too large to fit in RAM memory segment)
                0x0000000000002a8c                __dtors_load_start__ = ALIGN ((__log_dynamic_data_load_start__ + SIZEOF (.log_dynamic_data)), 0x4)

.dtors          0x0000000000002a8c        0x0
                0x0000000000002a8c                __dtors_start__ = .
 *(SORT_BY_NAME(.dtors.*))
 *(.dtors)
 *(.fini_array)
 *(SORT_BY_NAME(.fini_array.*))
                0x0000000000002a8c                __dtors_end__ = (__dtors_start__ + SIZEOF (.dtors))
                0x0000000000000000                __dtors_size__ = SIZEOF (.dtors)
                0x0000000000002a8c                __dtors_load_end__ = __dtors_end__
                0x0000000000000001                . = ASSERT (((__dtors_start__ == __dtors_end__) || ((__dtors_end__ >= __FLASH_segment_start__) && (__dtors_end__ <= __FLASH_segment_end__))), error: .dtors is too large to fit in FLASH memory segment)
                0x0000000000002a8c                __ctors_load_start__ = ALIGN (__dtors_end__, 0x4)

.ctors          0x0000000000002a8c        0x0
                0x0000000000002a8c                __ctors_start__ = .
 *(SORT_BY_NAME(.ctors.*))
 *(.ctors)
 *(.init_array)
 *(SORT_BY_NAME(.init_array.*))
                0x0000000000002a8c                __ctors_end__ = (__ctors_start__ + SIZEOF (.ctors))
                0x0000000000000000                __ctors_size__ = SIZEOF (.ctors)
                0x0000000000002a8c                __ctors_load_end__ = __ctors_end__
                0x0000000000000001                . = ASSERT (((__ctors_start__ == __ctors_end__) || ((__ctors_end__ >= __FLASH_segment_start__) && (__ctors_end__ <= __FLASH_segment_end__))), error: .ctors is too large to fit in FLASH memory segment)
                0x0000000000002a8c                __rodata_load_start__ = ALIGN (__ctors_end__, 0x4)

.rodata         0x0000000000002a8c      0x3f0
                0x0000000000002a8c                __rodata_start__ = .
 *(.rodata .rodata.* .gnu.linkonce.r.*)
 *fill*         0x0000000000002a8c        0x4 
 .rodata.delay_bytecode.8353
                0x0000000000002a90        0x6 Output/ppi_pca10056 Release/Obj/nrf_log_backend_rtt.o
 *fill*         0x0000000000002a96        0x2 
 .rodata.nrf_log_backend_rtt_api
                0x0000000000002a98        0xc Output/ppi_pca10056 Release/Obj/nrf_log_backend_rtt.o
                0x0000000000002a98                nrf_log_backend_rtt_api
 .rodata        0x0000000000002aa4       0x20 Output/ppi_pca10056 Release/Obj/nrf_log_backend_uart.o
 .rodata.nrf_log_backend_uart_api
                0x0000000000002ac4        0xc Output/ppi_pca10056 Release/Obj/nrf_log_backend_uart.o
                0x0000000000002ac4                nrf_log_backend_uart_api
 .rodata.nrf_log_frontend_dequeue.str1.1
                0x0000000000002ad0       0x11 Output/ppi_pca10056 Release/Obj/nrf_log_frontend.o
 .rodata.str1.1
                0x0000000000002ae1       0x17 Output/ppi_pca10056 Release/Obj/nrf_log_frontend.o
 .rodata.m_colors
                0x0000000000002af8       0x24 Output/ppi_pca10056 Release/Obj/nrf_log_str_formatter.o
 .rodata.nrf_log_hexdump_entry_process.str1.1
                0x0000000000002b1c        0xf Output/ppi_pca10056 Release/Obj/nrf_log_str_formatter.o
                                         0x11 (size before relaxing)
 .rodata.postfix_process.str1.1
                0x0000000000002b2b        0x8 Output/ppi_pca10056 Release/Obj/nrf_log_str_formatter.o
                                          0xb (size before relaxing)
 .rodata.prefix_process.str1.1
                0x0000000000002b33       0x2a Output/ppi_pca10056 Release/Obj/nrf_log_str_formatter.o
 *fill*         0x0000000000002b5d        0x3 
 .rodata.severity_names
                0x0000000000002b60       0x14 Output/ppi_pca10056 Release/Obj/nrf_log_str_formatter.o
 .rodata.str1.1
                0x0000000000002b74       0x4b Output/ppi_pca10056 Release/Obj/nrf_log_str_formatter.o
                                         0x51 (size before relaxing)
 .rodata.app_error_fault_handler.str1.1
                0x0000000000002bbf       0x19 Output/ppi_pca10056 Release/Obj/app_error_weak.o
 .rodata._aV2C.7683
                0x0000000000002bd8       0x10 Output/ppi_pca10056 Release/Obj/nrf_fprintf_format.o
 .rodata.str1.1
                0x0000000000002be8        0x4 Output/ppi_pca10056 Release/Obj/nrfx_prs.o
 .rodata.str1.1
                0x0000000000002bec        0x6 Output/ppi_pca10056 Release/Obj/nrfx_timer.o
 .rodata.str1.1
                0x0000000000002bf2        0x5 Output/ppi_pca10056 Release/Obj/nrfx_uart.o
 .rodata.str1.1
                0x0000000000002bf7        0x6 Output/ppi_pca10056 Release/Obj/nrfx_uarte.o
 .rodata.str1.1
                0x0000000000002bfd        0x7 Output/ppi_pca10056 Release/Obj/nrfx_gpiote.o
 .rodata.gpiote_event_handler.str1.1
                0x0000000000002c04       0x17 Output/ppi_pca10056 Release/Obj/main.o
 .rodata.main.str1.1
                0x0000000000002c1b        0xc Output/ppi_pca10056 Release/Obj/main.o
 .rodata._DoInit.str1.1
                0x0000000000002c27       0x14 Output/ppi_pca10056 Release/Obj/SEGGER_RTT.o
 *fill*         0x0000000000002c3b        0x1 
 .rodata.libc.__RAL_ascii_ctype_map
                0x0000000000002c3c       0x80 C:/Program Files/SEGGER/SEGGER Embedded Studio for ARM 3.40/lib/libc_v7em_fpv4_sp_d16_hard_t_le_eabi.a(libc2.o)
                0x0000000000002c3c                __RAL_ascii_ctype_map
 .rodata.libc.__RAL_ascii_ctype_mask
                0x0000000000002cbc        0xd C:/Program Files/SEGGER/SEGGER Embedded Studio for ARM 3.40/lib/libc_v7em_fpv4_sp_d16_hard_t_le_eabi.a(libc2.o)
 *fill*         0x0000000000002cc9        0x3 
 .rodata.libc.__RAL_c_locale
                0x0000000000002ccc        0xc C:/Program Files/SEGGER/SEGGER Embedded Studio for ARM 3.40/lib/libc_v7em_fpv4_sp_d16_hard_t_le_eabi.a(libc2.o)
                0x0000000000002ccc                __RAL_c_locale
 .rodata.libc.__RAL_c_locale_abbrev_day_names
                0x0000000000002cd8       0x1d C:/Program Files/SEGGER/SEGGER Embedded Studio for ARM 3.40/lib/libc_v7em_fpv4_sp_d16_hard_t_le_eabi.a(libc2.o)
                0x0000000000002cd8                __RAL_c_locale_abbrev_day_names
 *fill*         0x0000000000002cf5        0x3 
 .rodata.libc.__RAL_c_locale_abbrev_month_names
                0x0000000000002cf8       0x31 C:/Program Files/SEGGER/SEGGER Embedded Studio for ARM 3.40/lib/libc_v7em_fpv4_sp_d16_hard_t_le_eabi.a(libc2.o)
                0x0000000000002cf8                __RAL_c_locale_abbrev_month_names
 *fill*         0x0000000000002d29        0x3 
 .rodata.libc.__RAL_c_locale_am_pm_indicator
                0x0000000000002d2c        0x7 C:/Program Files/SEGGER/SEGGER Embedded Studio for ARM 3.40/lib/libc_v7em_fpv4_sp_d16_hard_t_le_eabi.a(libc2.o)
                0x0000000000002d2c                __RAL_c_locale_am_pm_indicator
 *fill*         0x0000000000002d33        0x1 
 .rodata.libc.__RAL_c_locale_data
                0x0000000000002d34       0x58 C:/Program Files/SEGGER/SEGGER Embedded Studio for ARM 3.40/lib/libc_v7em_fpv4_sp_d16_hard_t_le_eabi.a(libc2.o)
                0x0000000000002d34                __RAL_c_locale_data
 .rodata.libc.__RAL_c_locale_date_format
                0x0000000000002d8c        0x9 C:/Program Files/SEGGER/SEGGER Embedded Studio for ARM 3.40/lib/libc_v7em_fpv4_sp_d16_hard_t_le_eabi.a(libc2.o)
                0x0000000000002d8c                __RAL_c_locale_date_format
 *fill*         0x0000000000002d95        0x3 
 .rodata.libc.__RAL_c_locale_date_time_format
                0x0000000000002d98        0xf C:/Program Files/SEGGER/SEGGER Embedded Studio for ARM 3.40/lib/libc_v7em_fpv4_sp_d16_hard_t_le_eabi.a(libc2.o)
                0x0000000000002d98                __RAL_c_locale_date_time_format
 *fill*         0x0000000000002da7        0x1 
 .rodata.libc.__RAL_c_locale_day_names
                0x0000000000002da8       0x3a C:/Program Files/SEGGER/SEGGER Embedded Studio for ARM 3.40/lib/libc_v7em_fpv4_sp_d16_hard_t_le_eabi.a(libc2.o)
                0x0000000000002da8                __RAL_c_locale_day_names
 *fill*         0x0000000000002de2        0x2 
 .rodata.libc.__RAL_c_locale_month_names
                0x0000000000002de4       0x57 C:/Program Files/SEGGER/SEGGER Embedded Studio for ARM 3.40/lib/libc_v7em_fpv4_sp_d16_hard_t_le_eabi.a(libc2.o)
                0x0000000000002de4                __RAL_c_locale_month_names
 *fill*         0x0000000000002e3b        0x1 
 .rodata.libc.__RAL_c_locale_time_format
                0x0000000000002e3c        0x9 C:/Program Files/SEGGER/SEGGER Embedded Studio for ARM 3.40/lib/libc_v7em_fpv4_sp_d16_hard_t_le_eabi.a(libc2.o)
                0x0000000000002e3c                __RAL_c_locale_time_format
 *fill*         0x0000000000002e45        0x3 
 .rodata.libc.__RAL_codeset_ascii
                0x0000000000002e48       0x20 C:/Program Files/SEGGER/SEGGER Embedded Studio for ARM 3.40/lib/libc_v7em_fpv4_sp_d16_hard_t_le_eabi.a(libc2.o)
                0x0000000000002e48                __RAL_codeset_ascii
 .rodata.libc.__RAL_data_empty_string
                0x0000000000002e68        0x1 C:/Program Files/SEGGER/SEGGER Embedded Studio for ARM 3.40/lib/libc_v7em_fpv4_sp_d16_hard_t_le_eabi.a(libc2.o)
                0x0000000000002e68                __RAL_data_empty_string
 *fill*         0x0000000000002e69        0x3 
 .rodata.libc.__RAL_data_utf8_period
                0x0000000000002e6c        0x2 C:/Program Files/SEGGER/SEGGER Embedded Studio for ARM 3.40/lib/libc_v7em_fpv4_sp_d16_hard_t_le_eabi.a(libc2.o)
                0x0000000000002e6c                __RAL_data_utf8_period
 *fill*         0x0000000000002e6e        0x2 
 .rodata.libc.__RAL_find_locale.str1.4
                0x0000000000002e70        0xc C:/Program Files/SEGGER/SEGGER Embedded Studio for ARM 3.40/lib/libc_v7em_fpv4_sp_d16_hard_t_le_eabi.a(libc2.o)
                                          0xa (size before relaxing)
                0x0000000000002e7c                __rodata_end__ = (__rodata_start__ + SIZEOF (.rodata))
                0x00000000000003f0                __rodata_size__ = SIZEOF (.rodata)
                0x0000000000002e7c                __rodata_load_end__ = __rodata_end__

.rel.dyn        0x0000000000002e7c        0x0
 .rel.iplt      0x0000000000002e7c        0x0 Output/ppi_pca10056 Release/Obj/thumb_crt0.o
                0x0000000000000001                . = ASSERT (((__rodata_start__ == __rodata_end__) || ((__rodata_end__ >= __FLASH_segment_start__) && (__rodata_end__ <= __FLASH_segment_end__))), error: .rodata is too large to fit in FLASH memory segment)
                0x0000000000002e7c                __ARM.exidx_load_start__ = ALIGN (__rodata_end__, 0x4)

.ARM.exidx      0x0000000000002e7c        0x0
                0x0000000000002e7c                __ARM.exidx_start__ = .
                0x0000000000002e7c                __exidx_start = __ARM.exidx_start__
 *(.ARM.exidx .ARM.exidx.*)
                0x0000000000002e7c                __ARM.exidx_end__ = (__ARM.exidx_start__ + SIZEOF (.ARM.exidx))
                0x0000000000000000                __ARM.exidx_size__ = SIZEOF (.ARM.exidx)
                0x0000000000002e7c                __exidx_end = __ARM.exidx_end__
                0x0000000000002e7c                __ARM.exidx_load_end__ = __ARM.exidx_end__
                0x0000000000000001                . = ASSERT (((__ARM.exidx_start__ == __ARM.exidx_end__) || ((__ARM.exidx_end__ >= __FLASH_segment_start__) && (__ARM.exidx_end__ <= __FLASH_segment_end__))), error: .ARM.exidx is too large to fit in FLASH memory segment)
                0x0000000000002e7c                __fast_load_start__ = ALIGN (__ARM.exidx_end__, 0x4)

.fast           0x000000002000001c        0x0 load address 0x0000000000002e7c
                0x000000002000001c                __fast_start__ = .
 *(.fast .fast.*)
                0x000000002000001c                __fast_end__ = (__fast_start__ + SIZEOF (.fast))
                0x0000000000000000                __fast_size__ = SIZEOF (.fast)
                0x0000000000002e7c                __fast_load_end__ = (__fast_load_start__ + SIZEOF (.fast))
                0x0000000000000001                . = ASSERT (((__fast_load_start__ == __fast_load_end__) || ((__fast_load_end__ >= __FLASH_segment_start__) && (__fast_load_end__ <= __FLASH_segment_end__))), error: .fast is too large to fit in FLASH memory segment)

.fast_run       0x000000002000001c        0x0
                0x000000002000001c                __fast_run_start__ = .
                0x000000002000001c                . = MAX ((__fast_run_start__ + SIZEOF (.fast)), .)
                0x000000002000001c                __fast_run_end__ = (__fast_run_start__ + SIZEOF (.fast_run))
                0x0000000000000000                __fast_run_size__ = SIZEOF (.fast_run)
                0x000000002000001c                __fast_run_load_end__ = __fast_run_end__
                0x0000000000000001                . = ASSERT (((__fast_run_start__ == __fast_run_end__) || ((__fast_run_end__ >= __RAM_segment_start__) && (__fast_run_end__ <= __RAM_segment_end__))), error: .fast_run is too large to fit in RAM memory segment)
                0x0000000000002e7c                __data_load_start__ = ALIGN ((__fast_load_start__ + SIZEOF (.fast)), 0x4)

.data           0x000000002000001c       0x44 load address 0x0000000000002e7c
                0x000000002000001c                __data_start__ = .
 *(.data .data.* .gnu.linkonce.d.*)
 .data.m_uart   0x000000002000001c       0x14 Output/ppi_pca10056 Release/Obj/nrf_log_backend_uart.o
                0x000000002000001c                m_uart
 .data.rtt_log_backend
                0x0000000020000030        0xc Output/ppi_pca10056 Release/Obj/nrf_log_default_backends.o
 .data.uart_log_backend
                0x000000002000003c        0xc Output/ppi_pca10056 Release/Obj/nrf_log_default_backends.o
 .data.SystemCoreClock
                0x0000000020000048        0x4 Output/ppi_pca10056 Release/Obj/system_nrf52840.o
                0x0000000020000048                SystemCoreClock
 .data.libc.__RAL_global_locale
                0x000000002000004c       0x14 C:/Program Files/SEGGER/SEGGER Embedded Studio for ARM 3.40/lib/libc_v7em_fpv4_sp_d16_hard_t_le_eabi.a(libc2.o)
                0x000000002000004c                __RAL_global_locale
                0x0000000020000060                __data_end__ = (__data_start__ + SIZEOF (.data))
                0x0000000000000044                __data_size__ = SIZEOF (.data)
                0x0000000000002ec0                __data_load_end__ = (__data_load_start__ + SIZEOF (.data))

.igot.plt       0x0000000100000000        0x0
 .igot.plt      0x0000000100000000        0x0 Output/ppi_pca10056 Release/Obj/thumb_crt0.o
                0x0000000000000001                . = ASSERT (((__data_load_start__ == __data_load_end__) || ((__data_load_end__ >= __FLASH_segment_start__) && (__data_load_end__ <= __FLASH_segment_end__))), error: .data is too large to fit in FLASH memory segment)

.data_run       0x000000002000001c       0x44 load address 0x0000000000002e7c
                0x000000002000001c                __data_run_start__ = .
                0x0000000020000060                . = MAX ((__data_run_start__ + SIZEOF (.data)), .)
 *fill*         0x000000002000001c       0x44 
                0x0000000020000060                __data_run_end__ = (__data_run_start__ + SIZEOF (.data_run))
                0x0000000000000044                __data_run_size__ = SIZEOF (.data_run)
                0x0000000020000060                __data_run_load_end__ = __data_run_end__
                0x0000000000000001                . = ASSERT (((__data_run_start__ == __data_run_end__) || ((__data_run_end__ >= __RAM_segment_start__) && (__data_run_end__ <= __RAM_segment_end__))), error: .data_run is too large to fit in RAM memory segment)
                0x0000000000002ec0                __tdata_load_start__ = ALIGN ((__data_load_start__ + SIZEOF (.data)), 0x4)

.tdata          0x0000000020000060        0x0 load address 0x0000000000002ec0
                0x0000000020000060                __tdata_start__ = .
 *(.tdata .tdata.*)
                0x0000000020000060                __tdata_end__ = (__tdata_start__ + SIZEOF (.tdata))
                0x0000000000000000                __tdata_size__ = SIZEOF (.tdata)
                0x0000000000002ec0                __tdata_load_end__ = (__tdata_load_start__ + SIZEOF (.tdata))
                0x0000000000002ec0                __FLASH_segment_used_end__ = (ALIGN ((__data_load_start__ + SIZEOF (.data)), 0x4) + SIZEOF (.tdata))
                0x0000000000002ec0                __FLASH_segment_used_size__ = (__FLASH_segment_used_end__ - __FLASH_segment_start__)
                0x0000000000000001                . = ASSERT (((__tdata_load_start__ == __tdata_load_end__) || ((__tdata_load_end__ >= __FLASH_segment_start__) && (__tdata_load_end__ <= __FLASH_segment_end__))), error: .tdata is too large to fit in FLASH memory segment)

.tdata_run      0x0000000020000060        0x0
                0x0000000020000060                __tdata_run_start__ = .
                0x0000000020000060                . = MAX ((__tdata_run_start__ + SIZEOF (.tdata)), .)
                0x0000000020000060                __tdata_run_end__ = (__tdata_run_start__ + SIZEOF (.tdata_run))
                0x0000000000000000                __tdata_run_size__ = SIZEOF (.tdata_run)
                0x0000000020000060                __tdata_run_load_end__ = __tdata_run_end__
                0x0000000000000001                . = ASSERT (((__tdata_run_start__ == __tdata_run_end__) || ((__tdata_run_end__ >= __RAM_segment_start__) && (__tdata_run_end__ <= __RAM_segment_end__))), error: .tdata_run is too large to fit in RAM memory segment)
                0x0000000020000060                __bss_load_start__ = ALIGN (__tdata_run_end__, 0x4)

.bss            0x0000000020000060      0x8f0
                0x0000000020000060                __bss_start__ = .
 *(.bss .bss.* .gnu.linkonce.b.*)
 .bss.m_host_present
                0x0000000020000060        0x1 Output/ppi_pca10056 Release/Obj/nrf_log_backend_rtt.o
 .bss.m_string_buff
                0x0000000020000061       0x40 Output/ppi_pca10056 Release/Obj/nrf_log_backend_rtt.o
 .bss.m_async_mode
                0x00000000200000a1        0x1 Output/ppi_pca10056 Release/Obj/nrf_log_backend_uart.o
 .bss.m_string_buff
                0x00000000200000a2       0x40 Output/ppi_pca10056 Release/Obj/nrf_log_backend_uart.o
 .bss.m_xfer_done
                0x00000000200000e2        0x1 Output/ppi_pca10056 Release/Obj/nrf_log_backend_uart.o
 *fill*         0x00000000200000e3        0x1 
 .bss.log_mempool_nrf_balloc_cb
                0x00000000200000e4        0x8 Output/ppi_pca10056 Release/Obj/nrf_log_frontend.o
 .bss.log_mempool_nrf_balloc_pool_mem
                0x00000000200000ec       0xc0 Output/ppi_pca10056 Release/Obj/nrf_log_frontend.o
 .bss.log_mempool_nrf_balloc_pool_stack
                0x00000000200001ac        0x8 Output/ppi_pca10056 Release/Obj/nrf_log_frontend.o
 .bss.m_log_data
                0x00000000200001b4      0x424 Output/ppi_pca10056 Release/Obj/nrf_log_frontend.o
 .bss.m_in_critical_region
                0x00000000200005d8        0x4 Output/ppi_pca10056 Release/Obj/app_util_platform.o
 .bss.m_contexts
                0x00000000200005dc        0x8 Output/ppi_pca10056 Release/Obj/nrf_drv_uart.o
 .bss.m_handlers
                0x00000000200005e4        0x8 Output/ppi_pca10056 Release/Obj/nrf_drv_uart.o
 .bss.nrf_drv_uart_use_easy_dma
                0x00000000200005ec        0x2 Output/ppi_pca10056 Release/Obj/nrf_drv_uart.o
                0x00000000200005ec                nrf_drv_uart_use_easy_dma
 *fill*         0x00000000200005ee        0x2 
 .bss.m_prs_box_4
                0x00000000200005f0        0x8 Output/ppi_pca10056 Release/Obj/nrfx_prs.o
 .bss.m_cb      0x00000000200005f8       0x18 Output/ppi_pca10056 Release/Obj/nrfx_timer.o
 .bss.m_cb      0x0000000020000610       0x2c Output/ppi_pca10056 Release/Obj/nrfx_uart.o
 .bss.m_cb      0x000000002000063c       0x24 Output/ppi_pca10056 Release/Obj/nrfx_uarte.o
 .bss.m_cb      0x0000000020000660       0x5c Output/ppi_pca10056 Release/Obj/nrfx_gpiote.o
 .bss.cc0_timeout
                0x00000000200006bc        0x1 Output/ppi_pca10056 Release/Obj/main.o
                0x00000000200006bc                cc0_timeout
 *fill*         0x00000000200006bd        0x3 
 .bss.count.9585
                0x00000000200006c0        0x4 Output/ppi_pca10056 Release/Obj/main.o
 .bss.number_of_events
                0x00000000200006c4        0x4 Output/ppi_pca10056 Release/Obj/main.o
 .bss._SEGGER_RTT
                0x00000000200006c8       0x78 Output/ppi_pca10056 Release/Obj/SEGGER_RTT.o
                0x00000000200006c8                _SEGGER_RTT
 .bss._acDownBuffer
                0x0000000020000740       0x10 Output/ppi_pca10056 Release/Obj/SEGGER_RTT.o
 .bss._acUpBuffer
                0x0000000020000750      0x200 Output/ppi_pca10056 Release/Obj/SEGGER_RTT.o
 *(COMMON)
                0x0000000020000950                __bss_end__ = (__bss_start__ + SIZEOF (.bss))
                0x00000000000008f0                __bss_size__ = SIZEOF (.bss)
                0x0000000020000950                __bss_load_end__ = __bss_end__
                0x0000000000000001                . = ASSERT (((__bss_start__ == __bss_end__) || ((__bss_end__ >= __RAM_segment_start__) && (__bss_end__ <= __RAM_segment_end__))), error: .bss is too large to fit in RAM memory segment)
                0x0000000020000950                __tbss_load_start__ = ALIGN (__bss_end__, 0x4)

.tbss           0x0000000020000950        0x0
                0x0000000020000950                __tbss_start__ = .
 *(.tbss .tbss.*)
                0x0000000020000950                __tbss_end__ = (__tbss_start__ + SIZEOF (.tbss))
                0x0000000000000000                __tbss_size__ = SIZEOF (.tbss)
                0x0000000020000950                __tbss_load_end__ = __tbss_end__
                0x0000000000000001                . = ASSERT (((__tbss_start__ == __tbss_end__) || ((__tbss_end__ >= __RAM_segment_start__) && (__tbss_end__ <= __RAM_segment_end__))), error: .tbss is too large to fit in RAM memory segment)
                0x0000000020000950                __non_init_load_start__ = ALIGN (__tbss_end__, 0x4)

.non_init       0x0000000020000950        0x0
                0x0000000020000950                __non_init_start__ = .
 *(.non_init .non_init.*)
                0x0000000020000950                __non_init_end__ = (__non_init_start__ + SIZEOF (.non_init))
                0x0000000000000000                __non_init_size__ = SIZEOF (.non_init)
                0x0000000020000950                __non_init_load_end__ = __non_init_end__
                0x0000000000000001                . = ASSERT (((__non_init_start__ == __non_init_end__) || ((__non_init_end__ >= __RAM_segment_start__) && (__non_init_end__ <= __RAM_segment_end__))), error: .non_init is too large to fit in RAM memory segment)
                0x0000000020000950                __heap_load_start__ = ALIGN (__non_init_end__, 0x4)

.heap           0x0000000020000950     0x2000
                0x0000000020000950                __heap_start__ = .
 *(.heap .heap.*)
                0x0000000020002950                . = ALIGN (MAX ((__heap_start__ + __HEAPSIZE__), .), 0x4)
 *fill*         0x0000000020000950     0x2000 
                0x0000000020002950                __heap_end__ = (__heap_start__ + SIZEOF (.heap))
                0x0000000000002000                __heap_size__ = SIZEOF (.heap)
                0x0000000020002950                __heap_load_end__ = __heap_end__
                0x0000000000000001                . = ASSERT (((__heap_start__ == __heap_end__) || ((__heap_end__ >= __RAM_segment_start__) && (__heap_end__ <= __RAM_segment_end__))), error: .heap is too large to fit in RAM memory segment)
                0x000000002003e000                __stack_load_start__ = (__RAM_segment_end__ - 0x2000)

.stack          0x000000002003e000     0x2000
                0x000000002003e000                __stack_start__ = .
                0x000000002003e000                __StackLimit = __stack_start__
 *(.stack .stack.*)
                0x0000000020040000                . = ALIGN (MAX ((__stack_start__ + __STACKSIZE__), .), 0x8)
 *fill*         0x000000002003e000     0x2000 
                0x0000000020040000                __stack_end__ = (__stack_start__ + SIZEOF (.stack))
                0x0000000000002000                __stack_size__ = SIZEOF (.stack)
                0x0000000020040000                __StackTop = __stack_end__
                0x0000000020040000                __stack_load_end__ = __stack_end__
                0x0000000000000001                . = ASSERT (((__stack_start__ == __stack_end__) || ((__stack_end__ >= __RAM_segment_start__) && (__stack_end__ <= __RAM_segment_end__))), error: .stack is too large to fit in RAM memory segment)
                0x0000000000000001                . = ASSERT ((__heap_end__ <= __stack_start__), error: section .heap overlaps absolute placed section .stack)
                0x0000000020040000                __stack_process_load_start__ = ALIGN (__stack_end__, 0x8)

.stack_process  0x0000000020040000        0x0
                0x0000000020040000                __stack_process_start__ = .
 *(.stack_process .stack_process.*)
                0x0000000020040000                . = ALIGN (MAX ((__stack_process_start__ + __STACKSIZE_PROCESS__), .), 0x8)
                0x0000000020040000                __stack_process_end__ = (__stack_process_start__ + SIZEOF (.stack_process))
                0x0000000000000000                __stack_process_size__ = SIZEOF (.stack_process)
                0x0000000020040000                __stack_process_load_end__ = __stack_process_end__
                0x0000000020040000                __RAM_segment_used_end__ = (ALIGN (__stack_end__, 0x8) + SIZEOF (.stack_process))
                0x0000000000040000                __RAM_segment_used_size__ = (__RAM_segment_used_end__ - __RAM_segment_start__)
                0x0000000000000001                . = ASSERT (((__stack_process_start__ == __stack_process_end__) || ((__stack_process_end__ >= __RAM_segment_start__) && (__stack_process_end__ <= __RAM_segment_end__))), error: .stack_process is too large to fit in RAM memory segment)
START GROUP
LOAD Output/ppi_pca10056 Release/Obj/thumb_crt0.o
LOAD Output/ppi_pca10056 Release/Obj/nrf_log_backend_rtt.o
LOAD Output/ppi_pca10056 Release/Obj/nrf_log_backend_serial.o
LOAD Output/ppi_pca10056 Release/Obj/nrf_log_backend_uart.o
LOAD Output/ppi_pca10056 Release/Obj/nrf_log_default_backends.o
LOAD Output/ppi_pca10056 Release/Obj/nrf_log_frontend.o
LOAD Output/ppi_pca10056 Release/Obj/nrf_log_str_formatter.o
LOAD Output/ppi_pca10056 Release/Obj/boards.o
LOAD Output/ppi_pca10056 Release/Obj/app_error.o
LOAD Output/ppi_pca10056 Release/Obj/app_error_handler_gcc.o
LOAD Output/ppi_pca10056 Release/Obj/app_error_weak.o
LOAD Output/ppi_pca10056 Release/Obj/app_util_platform.o
LOAD Output/ppi_pca10056 Release/Obj/nrf_assert.o
LOAD Output/ppi_pca10056 Release/Obj/nrf_atomic.o
LOAD Output/ppi_pca10056 Release/Obj/nrf_balloc.o
LOAD Output/ppi_pca10056 Release/Obj/nrf_fprintf.o
LOAD Output/ppi_pca10056 Release/Obj/nrf_fprintf_format.o
LOAD Output/ppi_pca10056 Release/Obj/nrf_memobj.o
LOAD Output/ppi_pca10056 Release/Obj/nrf_strerror.o
LOAD Output/ppi_pca10056 Release/Obj/nrf_drv_ppi.o
LOAD Output/ppi_pca10056 Release/Obj/nrf_drv_uart.o
LOAD Output/ppi_pca10056 Release/Obj/nrfx_ppi.o
LOAD Output/ppi_pca10056 Release/Obj/nrfx_prs.o
LOAD Output/ppi_pca10056 Release/Obj/nrfx_timer.o
LOAD Output/ppi_pca10056 Release/Obj/nrfx_uart.o
LOAD Output/ppi_pca10056 Release/Obj/nrfx_uarte.o
LOAD Output/ppi_pca10056 Release/Obj/nrfx_gpiote.o
LOAD Output/ppi_pca10056 Release/Obj/main.o
LOAD Output/ppi_pca10056 Release/Obj/SEGGER_RTT.o
LOAD Output/ppi_pca10056 Release/Obj/SEGGER_RTT_Syscalls_SES.o
LOAD Output/ppi_pca10056 Release/Obj/SEGGER_RTT_printf.o
LOAD Output/ppi_pca10056 Release/Obj/ses_nRF_Startup.o
LOAD Output/ppi_pca10056 Release/Obj/ses_nrf52840_Vectors.o
LOAD Output/ppi_pca10056 Release/Obj/system_nrf52840.o
LOAD C:/Program Files/SEGGER/SEGGER Embedded Studio for ARM 3.40/lib/libdebugio_mempoll_v7em_fpv4_sp_d16_hard_t_le_eabi.a
LOAD C:/Program Files/SEGGER/SEGGER Embedded Studio for ARM 3.40/lib/libm_v7em_fpv4_sp_d16_hard_t_le_eabi.a
LOAD C:/Program Files/SEGGER/SEGGER Embedded Studio for ARM 3.40/lib/libc_v7em_fpv4_sp_d16_hard_t_le_eabi.a
LOAD C:/Program Files/SEGGER/SEGGER Embedded Studio for ARM 3.40/lib/libcpp_v7em_fpv4_sp_d16_hard_t_le_eabi.a
LOAD C:/Program Files/SEGGER/SEGGER Embedded Studio for ARM 3.40/lib/libdebugio_v7em_fpv4_sp_d16_hard_t_le_eabi.a
LOAD C:/Program Files/SEGGER/SEGGER Embedded Studio for ARM 3.40/lib/libvfprintf_v7em_fpv4_sp_d16_hard_t_le_eabi.o
LOAD C:/Program Files/SEGGER/SEGGER Embedded Studio for ARM 3.40/lib/libvfscanf_v7em_fpv4_sp_d16_hard_t_le_eabi.o
END GROUP
OUTPUT(Output/Release/Exe/ppi_pca10056.elf elf32-littlearm)

.ARM.attributes
                0x0000000000000000       0x35
 .ARM.attributes
                0x0000000000000000       0x25 Output/ppi_pca10056 Release/Obj/thumb_crt0.o
 .ARM.attributes
                0x0000000000000025       0x39 Output/ppi_pca10056 Release/Obj/nrf_log_backend_rtt.o
 .ARM.attributes
                0x000000000000005e       0x39 Output/ppi_pca10056 Release/Obj/nrf_log_backend_serial.o
 .ARM.attributes
                0x0000000000000097       0x39 Output/ppi_pca10056 Release/Obj/nrf_log_backend_uart.o
 .ARM.attributes
                0x00000000000000d0       0x39 Output/ppi_pca10056 Release/Obj/nrf_log_default_backends.o
 .ARM.attributes
                0x0000000000000109       0x39 Output/ppi_pca10056 Release/Obj/nrf_log_frontend.o
 .ARM.attributes
                0x0000000000000142       0x39 Output/ppi_pca10056 Release/Obj/nrf_log_str_formatter.o
 .ARM.attributes
                0x000000000000017b       0x39 Output/ppi_pca10056 Release/Obj/app_error.o
 .ARM.attributes
                0x00000000000001b4       0x39 Output/ppi_pca10056 Release/Obj/app_error_weak.o
 .ARM.attributes
                0x00000000000001ed       0x39 Output/ppi_pca10056 Release/Obj/app_util_platform.o
 .ARM.attributes
                0x0000000000000226       0x39 Output/ppi_pca10056 Release/Obj/nrf_atomic.o
 .ARM.attributes
                0x000000000000025f       0x39 Output/ppi_pca10056 Release/Obj/nrf_balloc.o
 .ARM.attributes
                0x0000000000000298       0x39 Output/ppi_pca10056 Release/Obj/nrf_fprintf.o
 .ARM.attributes
                0x00000000000002d1       0x39 Output/ppi_pca10056 Release/Obj/nrf_fprintf_format.o
 .ARM.attributes
                0x000000000000030a       0x39 Output/ppi_pca10056 Release/Obj/nrf_memobj.o
 .ARM.attributes
                0x0000000000000343       0x39 Output/ppi_pca10056 Release/Obj/nrf_drv_uart.o
 .ARM.attributes
                0x000000000000037c       0x39 Output/ppi_pca10056 Release/Obj/nrfx_prs.o
 .ARM.attributes
                0x00000000000003b5       0x39 Output/ppi_pca10056 Release/Obj/nrfx_timer.o
 .ARM.attributes
                0x00000000000003ee       0x39 Output/ppi_pca10056 Release/Obj/nrfx_uart.o
 .ARM.attributes
                0x0000000000000427       0x39 Output/ppi_pca10056 Release/Obj/nrfx_uarte.o
 .ARM.attributes
                0x0000000000000460       0x39 Output/ppi_pca10056 Release/Obj/nrfx_gpiote.o
 .ARM.attributes
                0x0000000000000499       0x39 Output/ppi_pca10056 Release/Obj/main.o
 .ARM.attributes
                0x00000000000004d2       0x39 Output/ppi_pca10056 Release/Obj/SEGGER_RTT.o
 .ARM.attributes
                0x000000000000050b       0x25 Output/ppi_pca10056 Release/Obj/ses_nRF_Startup.o
 .ARM.attributes
                0x0000000000000530       0x25 Output/ppi_pca10056 Release/Obj/ses_nrf52840_Vectors.o
 .ARM.attributes
                0x0000000000000555       0x39 Output/ppi_pca10056 Release/Obj/system_nrf52840.o
 .ARM.attributes
                0x000000000000058e       0x34 C:/Program Files/SEGGER/SEGGER Embedded Studio for ARM 3.40/lib/libc_v7em_fpv4_sp_d16_hard_t_le_eabi.a(libc2.o)
 .ARM.attributes
                0x00000000000005c2       0x20 C:/Program Files/SEGGER/SEGGER Embedded Studio for ARM 3.40/lib/libc_v7em_fpv4_sp_d16_hard_t_le_eabi.a(libc2_asm.o)

.comment        0x0000000000000000       0x4c
 .comment       0x0000000000000000       0x4c Output/ppi_pca10056 Release/Obj/nrf_log_backend_rtt.o
                                         0x4d (size before relaxing)
 .comment       0x000000000000004c       0x4d Output/ppi_pca10056 Release/Obj/nrf_log_backend_serial.o
 .comment       0x000000000000004c       0x4d Output/ppi_pca10056 Release/Obj/nrf_log_backend_uart.o
 .comment       0x000000000000004c       0x4d Output/ppi_pca10056 Release/Obj/nrf_log_default_backends.o
 .comment       0x000000000000004c       0x4d Output/ppi_pca10056 Release/Obj/nrf_log_frontend.o
 .comment       0x000000000000004c       0x4d Output/ppi_pca10056 Release/Obj/nrf_log_str_formatter.o
 .comment       0x000000000000004c       0x4d Output/ppi_pca10056 Release/Obj/app_error.o
 .comment       0x000000000000004c       0x4d Output/ppi_pca10056 Release/Obj/app_error_weak.o
 .comment       0x000000000000004c       0x4d Output/ppi_pca10056 Release/Obj/app_util_platform.o
 .comment       0x000000000000004c       0x4d Output/ppi_pca10056 Release/Obj/nrf_atomic.o
 .comment       0x000000000000004c       0x4d Output/ppi_pca10056 Release/Obj/nrf_balloc.o
 .comment       0x000000000000004c       0x4d Output/ppi_pca10056 Release/Obj/nrf_fprintf.o
 .comment       0x000000000000004c       0x4d Output/ppi_pca10056 Release/Obj/nrf_fprintf_format.o
 .comment       0x000000000000004c       0x4d Output/ppi_pca10056 Release/Obj/nrf_memobj.o
 .comment       0x000000000000004c       0x4d Output/ppi_pca10056 Release/Obj/nrf_drv_uart.o
 .comment       0x000000000000004c       0x4d Output/ppi_pca10056 Release/Obj/nrfx_prs.o
 .comment       0x000000000000004c       0x4d Output/ppi_pca10056 Release/Obj/nrfx_timer.o
 .comment       0x000000000000004c       0x4d Output/ppi_pca10056 Release/Obj/nrfx_uart.o
 .comment       0x000000000000004c       0x4d Output/ppi_pca10056 Release/Obj/nrfx_uarte.o
 .comment       0x000000000000004c       0x4d Output/ppi_pca10056 Release/Obj/nrfx_gpiote.o
 .comment       0x000000000000004c       0x4d Output/ppi_pca10056 Release/Obj/main.o
 .comment       0x000000000000004c       0x4d Output/ppi_pca10056 Release/Obj/SEGGER_RTT.o
 .comment       0x000000000000004c       0x4d Output/ppi_pca10056 Release/Obj/system_nrf52840.o
 .comment       0x000000000000004c       0x4d C:/Program Files/SEGGER/SEGGER Embedded Studio for ARM 3.40/lib/libc_v7em_fpv4_sp_d16_hard_t_le_eabi.a(libc2.o)

.debug_line     0x0000000000000000     0xa6cf
 .debug_line    0x0000000000000000      0x1ec Output/ppi_pca10056 Release/Obj/thumb_crt0.o
 .debug_line    0x00000000000001ec      0x886 Output/ppi_pca10056 Release/Obj/nrf_log_backend_rtt.o
 .debug_line    0x0000000000000a72      0x641 Output/ppi_pca10056 Release/Obj/nrf_log_backend_serial.o
 .debug_line    0x00000000000010b3      0x86e Output/ppi_pca10056 Release/Obj/nrf_log_backend_uart.o
 .debug_line    0x0000000000001921      0x602 Output/ppi_pca10056 Release/Obj/nrf_log_default_backends.o
 .debug_line    0x0000000000001f23      0xa52 Output/ppi_pca10056 Release/Obj/nrf_log_frontend.o
 .debug_line    0x0000000000002975      0x68b Output/ppi_pca10056 Release/Obj/nrf_log_str_formatter.o
 .debug_line    0x0000000000003000      0x309 Output/ppi_pca10056 Release/Obj/app_error.o
 .debug_line    0x0000000000003309      0x63f Output/ppi_pca10056 Release/Obj/app_error_weak.o
 .debug_line    0x0000000000003948      0x391 Output/ppi_pca10056 Release/Obj/app_util_platform.o
 .debug_line    0x0000000000003cd9      0x4e0 Output/ppi_pca10056 Release/Obj/nrf_atomic.o
 .debug_line    0x00000000000041b9      0x54e Output/ppi_pca10056 Release/Obj/nrf_balloc.o
 .debug_line    0x0000000000004707      0x397 Output/ppi_pca10056 Release/Obj/nrf_fprintf.o
 .debug_line    0x0000000000004a9e      0x4db Output/ppi_pca10056 Release/Obj/nrf_fprintf_format.o
 .debug_line    0x0000000000004f79      0x5fe Output/ppi_pca10056 Release/Obj/nrf_memobj.o
 .debug_line    0x0000000000005577      0x5c8 Output/ppi_pca10056 Release/Obj/nrf_drv_uart.o
 .debug_line    0x0000000000005b3f      0x6cc Output/ppi_pca10056 Release/Obj/nrfx_prs.o
 .debug_line    0x000000000000620b      0x9c1 Output/ppi_pca10056 Release/Obj/nrfx_timer.o
 .debug_line    0x0000000000006bcc      0xc56 Output/ppi_pca10056 Release/Obj/nrfx_uart.o
 .debug_line    0x0000000000007822      0xb56 Output/ppi_pca10056 Release/Obj/nrfx_uarte.o
 .debug_line    0x0000000000008378      0xdb1 Output/ppi_pca10056 Release/Obj/nrfx_gpiote.o
 .debug_line    0x0000000000009129      0x97e Output/ppi_pca10056 Release/Obj/main.o
 .debug_line    0x0000000000009aa7      0x821 Output/ppi_pca10056 Release/Obj/SEGGER_RTT.o
 .debug_line    0x000000000000a2c8       0xb2 Output/ppi_pca10056 Release/Obj/ses_nRF_Startup.o
 .debug_line    0x000000000000a37a       0xc4 Output/ppi_pca10056 Release/Obj/ses_nrf52840_Vectors.o
 .debug_line    0x000000000000a43e      0x291 Output/ppi_pca10056 Release/Obj/system_nrf52840.o

.debug_info     0x0000000000000000    0x1d57e
 .debug_info    0x0000000000000000       0x22 Output/ppi_pca10056 Release/Obj/thumb_crt0.o
 .debug_info    0x0000000000000022      0xbbb Output/ppi_pca10056 Release/Obj/nrf_log_backend_rtt.o
 .debug_info    0x0000000000000bdd      0xcf6 Output/ppi_pca10056 Release/Obj/nrf_log_backend_serial.o
 .debug_info    0x00000000000018d3     0x15b4 Output/ppi_pca10056 Release/Obj/nrf_log_backend_uart.o
 .debug_info    0x0000000000002e87      0x8d9 Output/ppi_pca10056 Release/Obj/nrf_log_default_backends.o
 .debug_info    0x0000000000003760     0x253a Output/ppi_pca10056 Release/Obj/nrf_log_frontend.o
 .debug_info    0x0000000000005c9a      0xd0e Output/ppi_pca10056 Release/Obj/nrf_log_str_formatter.o
 .debug_info    0x00000000000069a8      0x7e8 Output/ppi_pca10056 Release/Obj/app_error.o
 .debug_info    0x0000000000007190      0x9ae Output/ppi_pca10056 Release/Obj/app_error_weak.o
 .debug_info    0x0000000000007b3e      0xc93 Output/ppi_pca10056 Release/Obj/app_util_platform.o
 .debug_info    0x00000000000087d1      0xd9e Output/ppi_pca10056 Release/Obj/nrf_atomic.o
 .debug_info    0x000000000000956f      0x941 Output/ppi_pca10056 Release/Obj/nrf_balloc.o
 .debug_info    0x0000000000009eb0      0x772 Output/ppi_pca10056 Release/Obj/nrf_fprintf.o
 .debug_info    0x000000000000a622      0xb91 Output/ppi_pca10056 Release/Obj/nrf_fprintf_format.o
 .debug_info    0x000000000000b1b3      0xdbd Output/ppi_pca10056 Release/Obj/nrf_memobj.o
 .debug_info    0x000000000000bf70     0x15f9 Output/ppi_pca10056 Release/Obj/nrf_drv_uart.o
 .debug_info    0x000000000000d569      0xcf0 Output/ppi_pca10056 Release/Obj/nrfx_prs.o
 .debug_info    0x000000000000e259     0x1e5f Output/ppi_pca10056 Release/Obj/nrfx_timer.o
 .debug_info    0x00000000000100b8     0x304f Output/ppi_pca10056 Release/Obj/nrfx_uart.o
 .debug_info    0x0000000000013107     0x2f5c Output/ppi_pca10056 Release/Obj/nrfx_uarte.o
 .debug_info    0x0000000000016063     0x329a Output/ppi_pca10056 Release/Obj/nrfx_gpiote.o
 .debug_info    0x00000000000192fd     0x15e3 Output/ppi_pca10056 Release/Obj/main.o
 .debug_info    0x000000000001a8e0     0x18e1 Output/ppi_pca10056 Release/Obj/SEGGER_RTT.o
 .debug_info    0x000000000001c1c1       0x26 Output/ppi_pca10056 Release/Obj/ses_nRF_Startup.o
 .debug_info    0x000000000001c1e7       0x26 Output/ppi_pca10056 Release/Obj/ses_nrf52840_Vectors.o
 .debug_info    0x000000000001c20d     0x1371 Output/ppi_pca10056 Release/Obj/system_nrf52840.o

.debug_abbrev   0x0000000000000000     0x44d5
 .debug_abbrev  0x0000000000000000       0x12 Output/ppi_pca10056 Release/Obj/thumb_crt0.o
 .debug_abbrev  0x0000000000000012      0x294 Output/ppi_pca10056 Release/Obj/nrf_log_backend_rtt.o
 .debug_abbrev  0x00000000000002a6      0x237 Output/ppi_pca10056 Release/Obj/nrf_log_backend_serial.o
 .debug_abbrev  0x00000000000004dd      0x392 Output/ppi_pca10056 Release/Obj/nrf_log_backend_uart.o
 .debug_abbrev  0x000000000000086f      0x201 Output/ppi_pca10056 Release/Obj/nrf_log_default_backends.o
 .debug_abbrev  0x0000000000000a70      0x558 Output/ppi_pca10056 Release/Obj/nrf_log_frontend.o
 .debug_abbrev  0x0000000000000fc8      0x24e Output/ppi_pca10056 Release/Obj/nrf_log_str_formatter.o
 .debug_abbrev  0x0000000000001216      0x1a9 Output/ppi_pca10056 Release/Obj/app_error.o
 .debug_abbrev  0x00000000000013bf      0x20a Output/ppi_pca10056 Release/Obj/app_error_weak.o
 .debug_abbrev  0x00000000000015c9      0x273 Output/ppi_pca10056 Release/Obj/app_util_platform.o
 .debug_abbrev  0x000000000000183c      0x220 Output/ppi_pca10056 Release/Obj/nrf_atomic.o
 .debug_abbrev  0x0000000000001a5c      0x25d Output/ppi_pca10056 Release/Obj/nrf_balloc.o
 .debug_abbrev  0x0000000000001cb9      0x1ae Output/ppi_pca10056 Release/Obj/nrf_fprintf.o
 .debug_abbrev  0x0000000000001e67      0x2da Output/ppi_pca10056 Release/Obj/nrf_fprintf_format.o
 .debug_abbrev  0x0000000000002141      0x26d Output/ppi_pca10056 Release/Obj/nrf_memobj.o
 .debug_abbrev  0x00000000000023ae      0x24d Output/ppi_pca10056 Release/Obj/nrf_drv_uart.o
 .debug_abbrev  0x00000000000025fb      0x2bc Output/ppi_pca10056 Release/Obj/nrfx_prs.o
 .debug_abbrev  0x00000000000028b7      0x3fe Output/ppi_pca10056 Release/Obj/nrfx_timer.o
 .debug_abbrev  0x0000000000002cb5      0x53d Output/ppi_pca10056 Release/Obj/nrfx_uart.o
 .debug_abbrev  0x00000000000031f2      0x4ef Output/ppi_pca10056 Release/Obj/nrfx_uarte.o
 .debug_abbrev  0x00000000000036e1      0x537 Output/ppi_pca10056 Release/Obj/nrfx_gpiote.o
 .debug_abbrev  0x0000000000003c18      0x390 Output/ppi_pca10056 Release/Obj/main.o
 .debug_abbrev  0x0000000000003fa8      0x2e3 Output/ppi_pca10056 Release/Obj/SEGGER_RTT.o
 .debug_abbrev  0x000000000000428b       0x14 Output/ppi_pca10056 Release/Obj/ses_nRF_Startup.o
 .debug_abbrev  0x000000000000429f       0x14 Output/ppi_pca10056 Release/Obj/ses_nrf52840_Vectors.o
 .debug_abbrev  0x00000000000042b3      0x222 Output/ppi_pca10056 Release/Obj/system_nrf52840.o

.debug_aranges  0x0000000000000000      0x948
 .debug_aranges
                0x0000000000000000       0x80 Output/ppi_pca10056 Release/Obj/thumb_crt0.o
 .debug_aranges
                0x0000000000000080       0x38 Output/ppi_pca10056 Release/Obj/nrf_log_backend_rtt.o
 .debug_aranges
                0x00000000000000b8       0x20 Output/ppi_pca10056 Release/Obj/nrf_log_backend_serial.o
 .debug_aranges
                0x00000000000000d8       0x50 Output/ppi_pca10056 Release/Obj/nrf_log_backend_uart.o
 .debug_aranges
                0x0000000000000128       0x20 Output/ppi_pca10056 Release/Obj/nrf_log_default_backends.o
 .debug_aranges
                0x0000000000000148       0xd0 Output/ppi_pca10056 Release/Obj/nrf_log_frontend.o
 .debug_aranges
                0x0000000000000218       0x40 Output/ppi_pca10056 Release/Obj/nrf_log_str_formatter.o
 .debug_aranges
                0x0000000000000258       0x28 Output/ppi_pca10056 Release/Obj/app_error.o
 .debug_aranges
                0x0000000000000280       0x20 Output/ppi_pca10056 Release/Obj/app_error_weak.o
 .debug_aranges
                0x00000000000002a0       0x48 Output/ppi_pca10056 Release/Obj/app_util_platform.o
 .debug_aranges
                0x00000000000002e8       0xb0 Output/ppi_pca10056 Release/Obj/nrf_atomic.o
 .debug_aranges
                0x0000000000000398       0x30 Output/ppi_pca10056 Release/Obj/nrf_balloc.o
 .debug_aranges
                0x00000000000003c8       0x28 Output/ppi_pca10056 Release/Obj/nrf_fprintf.o
 .debug_aranges
                0x00000000000003f0       0x30 Output/ppi_pca10056 Release/Obj/nrf_fprintf_format.o
 .debug_aranges
                0x0000000000000420       0x50 Output/ppi_pca10056 Release/Obj/nrf_memobj.o
 .debug_aranges
                0x0000000000000470       0x30 Output/ppi_pca10056 Release/Obj/nrf_drv_uart.o
 .debug_aranges
                0x00000000000004a0       0x30 Output/ppi_pca10056 Release/Obj/nrfx_prs.o
 .debug_aranges
                0x00000000000004d0       0xa0 Output/ppi_pca10056 Release/Obj/nrfx_timer.o
 .debug_aranges
                0x0000000000000570       0xa8 Output/ppi_pca10056 Release/Obj/nrfx_uart.o
 .debug_aranges
                0x0000000000000618       0x80 Output/ppi_pca10056 Release/Obj/nrfx_uarte.o
 .debug_aranges
                0x0000000000000698       0xf8 Output/ppi_pca10056 Release/Obj/nrfx_gpiote.o
 .debug_aranges
                0x0000000000000790       0x40 Output/ppi_pca10056 Release/Obj/main.o
 .debug_aranges
                0x00000000000007d0      0x108 Output/ppi_pca10056 Release/Obj/SEGGER_RTT.o
 .debug_aranges
                0x00000000000008d8       0x20 Output/ppi_pca10056 Release/Obj/ses_nRF_Startup.o
 .debug_aranges
                0x00000000000008f8       0x20 Output/ppi_pca10056 Release/Obj/ses_nrf52840_Vectors.o
 .debug_aranges
                0x0000000000000918       0x30 Output/ppi_pca10056 Release/Obj/system_nrf52840.o

.debug_str      0x0000000000000000    0x8752b
 .debug_str     0x0000000000000000       0xc0 Output/ppi_pca10056 Release/Obj/thumb_crt0.o
 .debug_str     0x00000000000000c0    0x7b801 Output/ppi_pca10056 Release/Obj/nrf_log_backend_rtt.o
                                      0x7c964 (size before relaxing)
 .debug_str     0x000000000007b8c1      0x312 Output/ppi_pca10056 Release/Obj/nrf_log_backend_serial.o
                                      0x791ee (size before relaxing)
 .debug_str     0x000000000007bbd3     0x1191 Output/ppi_pca10056 Release/Obj/nrf_log_backend_uart.o
                                      0x7cea1 (size before relaxing)
 .debug_str     0x000000000007cd64      0x17b Output/ppi_pca10056 Release/Obj/nrf_log_default_backends.o
                                      0x79071 (size before relaxing)
 .debug_str     0x000000000007cedf     0x138f Output/ppi_pca10056 Release/Obj/nrf_log_frontend.o
                                      0x7a436 (size before relaxing)
 .debug_str     0x000000000007e26e      0x2f5 Output/ppi_pca10056 Release/Obj/nrf_log_str_formatter.o
                                      0x7927c (size before relaxing)
 .debug_str     0x000000000007e563      0x118 Output/ppi_pca10056 Release/Obj/app_error.o
                                      0x6ed17 (size before relaxing)
 .debug_str     0x000000000007e67b       0xf3 Output/ppi_pca10056 Release/Obj/app_error_weak.o
                                      0x795ae (size before relaxing)
 .debug_str     0x000000000007e76e      0x410 Output/ppi_pca10056 Release/Obj/app_util_platform.o
                                      0x6f54e (size before relaxing)
 .debug_str     0x000000000007eb7e      0x6dd Output/ppi_pca10056 Release/Obj/nrf_atomic.o
                                      0x75b5e (size before relaxing)
 .debug_str     0x000000000007f25b      0x188 Output/ppi_pca10056 Release/Obj/nrf_balloc.o
                                      0x792de (size before relaxing)
 .debug_str     0x000000000007f3e3      0x126 Output/ppi_pca10056 Release/Obj/nrf_fprintf.o
                                      0x756f8 (size before relaxing)
 .debug_str     0x000000000007f509      0x141 Output/ppi_pca10056 Release/Obj/nrf_fprintf_format.o
                                      0x757ed (size before relaxing)
 .debug_str     0x000000000007f64a      0x1ce Output/ppi_pca10056 Release/Obj/nrf_memobj.o
                                      0x776aa (size before relaxing)
 .debug_str     0x000000000007f818      0x494 Output/ppi_pca10056 Release/Obj/nrf_drv_uart.o
                                      0x79ba0 (size before relaxing)
 .debug_str     0x000000000007fcac      0x666 Output/ppi_pca10056 Release/Obj/nrfx_prs.o
                                      0x7bd50 (size before relaxing)
 .debug_str     0x0000000000080312     0x1194 Output/ppi_pca10056 Release/Obj/nrfx_timer.o
                                      0x7ced4 (size before relaxing)
 .debug_str     0x00000000000814a6      0xa26 Output/ppi_pca10056 Release/Obj/nrfx_uart.o
                                      0x7cf3e (size before relaxing)
 .debug_str     0x0000000000081ecc      0x8eb Output/ppi_pca10056 Release/Obj/nrfx_uarte.o
                                      0x7d33b (size before relaxing)
 .debug_str     0x00000000000827b7     0x1681 Output/ppi_pca10056 Release/Obj/nrfx_gpiote.o
                                      0x7d8e5 (size before relaxing)
 .debug_str     0x0000000000083e38     0x2c3d Output/ppi_pca10056 Release/Obj/main.o
                                      0x8083b (size before relaxing)
 .debug_str     0x0000000000086a75      0x545 Output/ppi_pca10056 Release/Obj/SEGGER_RTT.o
                                      0x71f54 (size before relaxing)
 .debug_str     0x0000000000086fba       0x59 Output/ppi_pca10056 Release/Obj/ses_nRF_Startup.o
                                         0xc9 (size before relaxing)
 .debug_str     0x0000000000087013       0x5e Output/ppi_pca10056 Release/Obj/ses_nrf52840_Vectors.o
                                         0xce (size before relaxing)
 .debug_str     0x0000000000087071      0x4ba Output/ppi_pca10056 Release/Obj/system_nrf52840.o
                                      0x6d814 (size before relaxing)

.debug_ranges   0x0000000000000000     0x13a0
 .debug_ranges  0x0000000000000000       0x78 Output/ppi_pca10056 Release/Obj/thumb_crt0.o
 .debug_ranges  0x0000000000000078       0x60 Output/ppi_pca10056 Release/Obj/nrf_log_backend_rtt.o
 .debug_ranges  0x00000000000000d8       0x28 Output/ppi_pca10056 Release/Obj/nrf_log_backend_serial.o
 .debug_ranges  0x0000000000000100       0x78 Output/ppi_pca10056 Release/Obj/nrf_log_backend_uart.o
 .debug_ranges  0x0000000000000178       0x28 Output/ppi_pca10056 Release/Obj/nrf_log_default_backends.o
 .debug_ranges  0x00000000000001a0      0x338 Output/ppi_pca10056 Release/Obj/nrf_log_frontend.o
 .debug_ranges  0x00000000000004d8       0x60 Output/ppi_pca10056 Release/Obj/nrf_log_str_formatter.o
 .debug_ranges  0x0000000000000538       0x18 Output/ppi_pca10056 Release/Obj/app_error.o
 .debug_ranges  0x0000000000000550       0x10 Output/ppi_pca10056 Release/Obj/app_error_weak.o
 .debug_ranges  0x0000000000000560       0x38 Output/ppi_pca10056 Release/Obj/app_util_platform.o
 .debug_ranges  0x0000000000000598       0xb8 Output/ppi_pca10056 Release/Obj/nrf_atomic.o
 .debug_ranges  0x0000000000000650       0x20 Output/ppi_pca10056 Release/Obj/nrf_balloc.o
 .debug_ranges  0x0000000000000670       0x18 Output/ppi_pca10056 Release/Obj/nrf_fprintf.o
 .debug_ranges  0x0000000000000688       0x58 Output/ppi_pca10056 Release/Obj/nrf_fprintf_format.o
 .debug_ranges  0x00000000000006e0       0xa0 Output/ppi_pca10056 Release/Obj/nrf_memobj.o
 .debug_ranges  0x0000000000000780       0x20 Output/ppi_pca10056 Release/Obj/nrf_drv_uart.o
 .debug_ranges  0x00000000000007a0       0x50 Output/ppi_pca10056 Release/Obj/nrfx_prs.o
 .debug_ranges  0x00000000000007f0      0x180 Output/ppi_pca10056 Release/Obj/nrfx_timer.o
 .debug_ranges  0x0000000000000970      0x248 Output/ppi_pca10056 Release/Obj/nrfx_uart.o
 .debug_ranges  0x0000000000000bb8      0x1a8 Output/ppi_pca10056 Release/Obj/nrfx_uarte.o
 .debug_ranges  0x0000000000000d60      0x4e0 Output/ppi_pca10056 Release/Obj/nrfx_gpiote.o
 .debug_ranges  0x0000000000001240       0x48 Output/ppi_pca10056 Release/Obj/main.o
 .debug_ranges  0x0000000000001288       0xf8 Output/ppi_pca10056 Release/Obj/SEGGER_RTT.o
 .debug_ranges  0x0000000000001380       0x20 Output/ppi_pca10056 Release/Obj/system_nrf52840.o

.debug_frame    0x0000000000000000     0x1900
 .debug_frame   0x0000000000000000       0x88 Output/ppi_pca10056 Release/Obj/nrf_log_backend_rtt.o
 .debug_frame   0x0000000000000088       0x48 Output/ppi_pca10056 Release/Obj/nrf_log_backend_serial.o
 .debug_frame   0x00000000000000d0       0xd8 Output/ppi_pca10056 Release/Obj/nrf_log_backend_uart.o
 .debug_frame   0x00000000000001a8       0x30 Output/ppi_pca10056 Release/Obj/nrf_log_default_backends.o
 .debug_frame   0x00000000000001d8      0x304 Output/ppi_pca10056 Release/Obj/nrf_log_frontend.o
 .debug_frame   0x00000000000004dc      0x100 Output/ppi_pca10056 Release/Obj/nrf_log_str_formatter.o
 .debug_frame   0x00000000000005dc       0x58 Output/ppi_pca10056 Release/Obj/app_error.o
 .debug_frame   0x0000000000000634       0x2c Output/ppi_pca10056 Release/Obj/app_error_weak.o
 .debug_frame   0x0000000000000660       0x70 Output/ppi_pca10056 Release/Obj/app_util_platform.o
 .debug_frame   0x00000000000006d0      0x150 Output/ppi_pca10056 Release/Obj/nrf_atomic.o
 .debug_frame   0x0000000000000820       0x78 Output/ppi_pca10056 Release/Obj/nrf_balloc.o
 .debug_frame   0x0000000000000898       0x6c Output/ppi_pca10056 Release/Obj/nrf_fprintf.o
 .debug_frame   0x0000000000000904       0xc0 Output/ppi_pca10056 Release/Obj/nrf_fprintf_format.o
 .debug_frame   0x00000000000009c4       0xf8 Output/ppi_pca10056 Release/Obj/nrf_memobj.o
 .debug_frame   0x0000000000000abc       0x88 Output/ppi_pca10056 Release/Obj/nrf_drv_uart.o
 .debug_frame   0x0000000000000b44       0x50 Output/ppi_pca10056 Release/Obj/nrfx_prs.o
 .debug_frame   0x0000000000000b94      0x1b4 Output/ppi_pca10056 Release/Obj/nrfx_timer.o
 .debug_frame   0x0000000000000d48      0x22c Output/ppi_pca10056 Release/Obj/nrfx_uart.o
 .debug_frame   0x0000000000000f74      0x18c Output/ppi_pca10056 Release/Obj/nrfx_uarte.o
 .debug_frame   0x0000000000001100      0x308 Output/ppi_pca10056 Release/Obj/nrfx_gpiote.o